{
  "version": "1.5.0",
  "plugins_used": [
    {
      "name": "ArtifactoryDetector"
    },
    {
      "name": "AWSKeyDetector"
    },
    {
      "name": "AzureStorageKeyDetector"
    },
    {
      "name": "Base64HighEntropyString",
      "limit": 4.5
    },
    {
      "name": "BasicAuthDetector"
    },
    {
      "name": "CloudantDetector"
    },
    {
      "name": "DiscordBotTokenDetector"
    },
    {
      "name": "GitHubTokenDetector"
    },
    {
      "name": "GitLabTokenDetector"
    },
    {
      "name": "HexHighEntropyString",
      "limit": 3.0
    },
    {
      "name": "IbmCloudIamDetector"
    },
    {
      "name": "IbmCosHmacDetector"
    },
    {
      "name": "IPPublicDetector"
    },
    {
      "name": "JwtTokenDetector"
    },
    {
      "name": "KeywordDetector",
      "keyword_exclude": ""
    },
    {
      "name": "MailchimpDetector"
    },
    {
      "name": "NpmDetector"
    },
    {
      "name": "OpenAIDetector"
    },
    {
      "name": "PrivateKeyDetector"
    },
    {
      "name": "PypiTokenDetector"
    },
    {
      "name": "SendGridDetector"
    },
    {
      "name": "SlackDetector"
    },
    {
      "name": "SoftlayerDetector"
    },
    {
      "name": "SquareOAuthDetector"
    },
    {
      "name": "StripeDetector"
    },
    {
      "name": "TelegramBotTokenDetector"
    },
    {
      "name": "TwilioKeyDetector"
    }
  ],
  "filters_used": [
    {
      "path": "detect_secrets.filters.allowlist.is_line_allowlisted"
    },
    {
      "path": "detect_secrets.filters.common.is_baseline_file",
      "filename": ".secrets.baseline"
    },
    {
      "path": "detect_secrets.filters.common.is_ignored_due_to_verification_policies",
      "min_level": 2
    },
    {
      "path": "detect_secrets.filters.gibberish.should_exclude_secret",
      "limit": 3.7
    },
    {
      "path": "detect_secrets.filters.heuristic.is_indirect_reference"
    },
    {
      "path": "detect_secrets.filters.heuristic.is_likely_id_string"
    },
    {
      "path": "detect_secrets.filters.heuristic.is_lock_file"
    },
    {
      "path": "detect_secrets.filters.heuristic.is_not_alphanumeric_string"
    },
    {
      "path": "detect_secrets.filters.heuristic.is_potential_uuid"
    },
    {
      "path": "detect_secrets.filters.heuristic.is_prefixed_with_dollar_sign"
    },
    {
      "path": "detect_secrets.filters.heuristic.is_sequential_string"
    },
    {
      "path": "detect_secrets.filters.heuristic.is_swagger_file"
    },
    {
      "path": "detect_secrets.filters.heuristic.is_templated_secret"
    }
  ],
  "results": {
    ".purpose/lock.json": [
      {
        "type": "Hex High Entropy String",
        "filename": ".purpose/lock.json",
        "hashed_secret": "98f8ae305b366ff5c7adad31ccc5aec0961707ae",
        "is_verified": false,
        "line_number": 8
      }
    ],
    "config/opencode/opencode-mem.jsonc": [
      {
        "type": "Secret Keyword",
        "filename": "config/opencode/opencode-mem.jsonc",
        "hashed_secret": "ec3810e10fb78db55ce38b9c18d1c3eb1db739e0",
        "is_verified": false,
        "line_number": 93
      },
      {
        "type": "Secret Keyword",
        "filename": "config/opencode/opencode-mem.jsonc",
        "hashed_secret": "709cb3397618155abdb90666b163355546be6a47",
        "is_verified": false,
        "line_number": 111
      }
    ],
    "docs/work/2026-07-19-codex-hosted-search-disabled/current-spec.snapshot.json": [
      {
        "type": "Hex High Entropy String",
        "filename": "docs/work/2026-07-19-codex-hosted-search-disabled/current-spec.snapshot.json",
        "hashed_secret": "224ed60d7a8952562a71024d4810c3c23997fa2b",
        "is_verified": false,
        "line_number": 6
      }
    ],
    "docs/work/2026-07-19-codex-hosted-search-disabled/evidence.bundle.json": [
      {
        "type": "Hex High Entropy String",
        "filename": "docs/work/2026-07-19-codex-hosted-search-disabled/evidence.bundle.json",
        "hashed_secret": "31e5a322bf25ccee227ff074246acda9ec5360dc",
        "is_verified": false,
        "line_number": 9
      },
      {
        "type": "Hex High Entropy String",
        "filename": "docs/work/2026-07-19-codex-hosted-search-disabled/evidence.bundle.json",
        "hashed_secret": "d53e346e70235eeea3158d56c2e16ee5da437374",
        "is_verified": false,
        "line_number": 14
      },
      {
        "type": "Hex High Entropy String",
        "filename": "docs/work/2026-07-19-codex-hosted-search-disabled/evidence.bundle.json",
        "hashed_secret": "5244fcf4d788b3d0d8057bfa689f13fb38fc53eb",
        "is_verified": false,
        "line_number": 28
      },
      {
        "type": "Hex High Entropy String",
        "filename": "docs/work/2026-07-19-codex-hosted-search-disabled/evidence.bundle.json",
        "hashed_secret": "b3bc4023497b998ae471e8faca7cb2e59e84519a",
        "is_verified": false,
        "line_number": 47
      },
      {
        "type": "Hex High Entropy String",
        "filename": "docs/work/2026-07-19-codex-hosted-search-disabled/evidence.bundle.json",
        "hashed_secret": "f7d49d5dd4d0f752bb64d720b757c4a11a40c2d7",
        "is_verified": false,
        "line_number": 56
      },
      {
        "type": "Hex High Entropy String",
        "filename": "docs/work/2026-07-19-codex-hosted-search-disabled/evidence.bundle.json",
        "hashed_secret": "8ee7b8cff71adb2efafec77fa26c5df2549d6bbd",
        "is_verified": false,
        "line_number": 65
      },
      {
        "type": "Hex High Entropy String",
        "filename": "docs/work/2026-07-19-codex-hosted-search-disabled/evidence.bundle.json",
        "hashed_secret": "0cb464a520b00c66da43212dad249a056b7d8aa6",
        "is_verified": false,
        "line_number": 190
      },
      {
        "type": "Hex High Entropy String",
        "filename": "docs/work/2026-07-19-codex-hosted-search-disabled/evidence.bundle.json",
        "hashed_secret": "d932582a5666efddf8d90b1cf7f2a23fb5fae186",
        "is_verified": false,
        "line_number": 195
      },
      {
        "type": "Hex High Entropy String",
        "filename": "docs/work/2026-07-19-codex-hosted-search-disabled/evidence.bundle.json",
        "hashed_secret": "8cf1de4f03eeb30a15e3ecd356de6b7029f4341a",
        "is_verified": false,
        "line_number": 200
      }
    ],
    "docs/work/2026-07-19-codex-hosted-search-disabled/purpose.contract.json": [
      {
        "type": "Hex High Entropy String",
        "filename": "docs/work/2026-07-19-codex-hosted-search-disabled/purpose.contract.json",
        "hashed_secret": "31e5a322bf25ccee227ff074246acda9ec5360dc",
        "is_verified": false,
        "line_number": 50
      },
      {
        "type": "Hex High Entropy String",
        "filename": "docs/work/2026-07-19-codex-hosted-search-disabled/purpose.contract.json",
        "hashed_secret": "d15ff0de9267cfd24b9460bffd6d5c7b1af73268",
        "is_verified": false,
        "line_number": 57
      }
    ],
    "docs/work/2026-07-19-codex-hosted-search-disabled/work.spec.json": [
      {
        "type": "Hex High Entropy String",
        "filename": "docs/work/2026-07-19-codex-hosted-search-disabled/work.spec.json",
        "hashed_secret": "31e5a322bf25ccee227ff074246acda9ec5360dc",
        "is_verified": false,
        "line_number": 19
      },
      {
        "type": "Hex High Entropy String",
        "filename": "docs/work/2026-07-19-codex-hosted-search-disabled/work.spec.json",
        "hashed_secret": "d53e346e70235eeea3158d56c2e16ee5da437374",
        "is_verified": false,
        "line_number": 24
      },
      {
        "type": "Hex High Entropy String",
        "filename": "docs/work/2026-07-19-codex-hosted-search-disabled/work.spec.json",
        "hashed_secret": "3576a724e784c1de036ce66bea4ed03bdbb9a395",
        "is_verified": false,
        "line_number": 31
      },
      {
        "type": "Hex High Entropy String",
        "filename": "docs/work/2026-07-19-codex-hosted-search-disabled/work.spec.json",
        "hashed_secret": "0cb464a520b00c66da43212dad249a056b7d8aa6",
        "is_verified": false,
        "line_number": 56
      }
    ],
    "docs/work/2026-07-19-repo-memory-client-hooks/evidence.bundle.json": [
      {
        "type": "Hex High Entropy String",
        "filename": "docs/work/2026-07-19-repo-memory-client-hooks/evidence.bundle.json",
        "hashed_secret": "4c79ae19c8ed7af49d9071e3a43e92a5bfaa25b3",
        "is_verified": false,
        "line_number": 9
      },
      {
        "type": "Hex High Entropy String",
        "filename": "docs/work/2026-07-19-repo-memory-client-hooks/evidence.bundle.json",
        "hashed_secret": "8cfb2c063b0e7fbf541ed533e854773eefc1a64c",
        "is_verified": false,
        "line_number": 14
      },
      {
        "type": "Hex High Entropy String",
        "filename": "docs/work/2026-07-19-repo-memory-client-hooks/evidence.bundle.json",
        "hashed_secret": "ed5c690e16b94785a0b8fc36704235d56d3153fa",
        "is_verified": false,
        "line_number": 28
      },
      {
        "type": "Hex High Entropy String",
        "filename": "docs/work/2026-07-19-repo-memory-client-hooks/evidence.bundle.json",
        "hashed_secret": "38820fc63e1770c91c3d42ef1947a0648d7d33ce",
        "is_verified": false,
        "line_number": 47
      },
      {
        "type": "Hex High Entropy String",
        "filename": "docs/work/2026-07-19-repo-memory-client-hooks/evidence.bundle.json",
        "hashed_secret": "53e876d49783f0d64f2b54bdfe28f126dcb1ad53",
        "is_verified": false,
        "line_number": 56
      },
      {
        "type": "Hex High Entropy String",
        "filename": "docs/work/2026-07-19-repo-memory-client-hooks/evidence.bundle.json",
        "hashed_secret": "2d1900ae7227e9bbb591548f7b8fa650f7e1d7ef",
        "is_verified": false,
        "line_number": 65
      },
      {
        "type": "Hex High Entropy String",
        "filename": "docs/work/2026-07-19-repo-memory-client-hooks/evidence.bundle.json",
        "hashed_secret": "2159fc0cdfdf9901c4ed8e9f8794328d074e0bc8",
        "is_verified": false,
        "line_number": 186
      },
      {
        "type": "Hex High Entropy String",
        "filename": "docs/work/2026-07-19-repo-memory-client-hooks/evidence.bundle.json",
        "hashed_secret": "bc609695472434c11e96eb41d86228707e0c9275",
        "is_verified": false,
        "line_number": 191
      },
      {
        "type": "Hex High Entropy String",
        "filename": "docs/work/2026-07-19-repo-memory-client-hooks/evidence.bundle.json",
        "hashed_secret": "793a2e1a0a4e087b44d69531740a7bb3ec7b515c",
        "is_verified": false,
        "line_number": 196
      }
    ],
    "docs/work/2026-07-19-repo-memory-client-hooks/evidence/result.json": [
      {
        "type": "Hex High Entropy String",
        "filename": "docs/work/2026-07-19-repo-memory-client-hooks/evidence/result.json",
        "hashed_secret": "f2fe47b4816d0293a061695ee94d2ab58cbf3599",
        "is_verified": false,
        "line_number": 3
      }
    ],
    "docs/work/2026-07-19-repo-memory-client-hooks/purpose.contract.json": [
      {
        "type": "Hex High Entropy String",
        "filename": "docs/work/2026-07-19-repo-memory-client-hooks/purpose.contract.json",
        "hashed_secret": "4c79ae19c8ed7af49d9071e3a43e92a5bfaa25b3",
        "is_verified": false,
        "line_number": 27
      },
      {
        "type": "Hex High Entropy String",
        "filename": "docs/work/2026-07-19-repo-memory-client-hooks/purpose.contract.json",
        "hashed_secret": "d15ff0de9267cfd24b9460bffd6d5c7b1af73268",
        "is_verified": false,
        "line_number": 28
      }
    ],
    "docs/work/2026-07-19-repo-memory-client-hooks/work.spec.json": [
      {
        "type": "Hex High Entropy String",
        "filename": "docs/work/2026-07-19-repo-memory-client-hooks/work.spec.json",
        "hashed_secret": "4c79ae19c8ed7af49d9071e3a43e92a5bfaa25b3",
        "is_verified": false,
        "line_number": 10
      },
      {
        "type": "Hex High Entropy String",
        "filename": "docs/work/2026-07-19-repo-memory-client-hooks/work.spec.json",
        "hashed_secret": "8cfb2c063b0e7fbf541ed533e854773eefc1a64c",
        "is_verified": false,
        "line_number": 11
      },
      {
        "type": "Hex High Entropy String",
        "filename": "docs/work/2026-07-19-repo-memory-client-hooks/work.spec.json",
        "hashed_secret": "3576a724e784c1de036ce66bea4ed03bdbb9a395",
        "is_verified": false,
        "line_number": 12
      },
      {
        "type": "Hex High Entropy String",
        "filename": "docs/work/2026-07-19-repo-memory-client-hooks/work.spec.json",
        "hashed_secret": "2159fc0cdfdf9901c4ed8e9f8794328d074e0bc8",
        "is_verified": false,
        "line_number": 27
      }
    ],
    "docs/work/2026-07-20-nix-tooling-hooks-integrate/current-spec.snapshot.json": [
      {
        "type": "Hex High Entropy String",
        "filename": "docs/work/2026-07-20-nix-tooling-hooks-integrate/current-spec.snapshot.json",
        "hashed_secret": "297e81b4cdaa416f83669dc8df12a16345d1e73f",
        "is_verified": false,
        "line_number": 6
      }
    ],
    "docs/work/2026-07-20-nix-tooling-hooks-integrate/evidence.bundle.json": [
      {
        "type": "Hex High Entropy String",
        "filename": "docs/work/2026-07-20-nix-tooling-hooks-integrate/evidence.bundle.json",
        "hashed_secret": "a9b1c71d3ecce27bd34478fc527bf0854d8c7ebb",
        "is_verified": false,
        "line_number": 9
      },
      {
        "type": "Hex High Entropy String",
        "filename": "docs/work/2026-07-20-nix-tooling-hooks-integrate/evidence.bundle.json",
        "hashed_secret": "8f67d787ef30df8bb1d8ae485eb0e38667bfeb4b",
        "is_verified": false,
        "line_number": 14
      },
      {
        "type": "Hex High Entropy String",
        "filename": "docs/work/2026-07-20-nix-tooling-hooks-integrate/evidence.bundle.json",
        "hashed_secret": "f7f6c36b4568efdd136d55f3c31d5e32ac8d95ca",
        "is_verified": false,
        "line_number": 28
      },
      {
        "type": "Hex High Entropy String",
        "filename": "docs/work/2026-07-20-nix-tooling-hooks-integrate/evidence.bundle.json",
        "hashed_secret": "cf71d45ace455a120bf3c5e50d4cc98cfc489a9a",
        "is_verified": false,
        "line_number": 47
      },
      {
        "type": "Hex High Entropy String",
        "filename": "docs/work/2026-07-20-nix-tooling-hooks-integrate/evidence.bundle.json",
        "hashed_secret": "1f49d29efd361a392309a38414f68e1e6e625b48",
        "is_verified": false,
        "line_number": 56
      },
      {
        "type": "Hex High Entropy String",
        "filename": "docs/work/2026-07-20-nix-tooling-hooks-integrate/evidence.bundle.json",
        "hashed_secret": "139cb68c91c8bc1b0742505a6599290b1b99ffa1",
        "is_verified": false,
        "line_number": 65
      },
      {
        "type": "Hex High Entropy String",
        "filename": "docs/work/2026-07-20-nix-tooling-hooks-integrate/evidence.bundle.json",
        "hashed_secret": "da400015a7ef701aa5b36d4fbaebfd27ce447ac4",
        "is_verified": false,
        "line_number": 74
      },
      {
        "type": "Hex High Entropy String",
        "filename": "docs/work/2026-07-20-nix-tooling-hooks-integrate/evidence.bundle.json",
        "hashed_secret": "2fc673eca5fd400bc0a8015d3b07a82464c748e2",
        "is_verified": false,
        "line_number": 229
      },
      {
        "type": "Hex High Entropy String",
        "filename": "docs/work/2026-07-20-nix-tooling-hooks-integrate/evidence.bundle.json",
        "hashed_secret": "b6ff020ec9fcdf0f80494c4f2128c5ba9fd02785",
        "is_verified": false,
        "line_number": 234
      },
      {
        "type": "Hex High Entropy String",
        "filename": "docs/work/2026-07-20-nix-tooling-hooks-integrate/evidence.bundle.json",
        "hashed_secret": "deea8b779bc9d7617ee2b73dead99cee3e7c59db",
        "is_verified": false,
        "line_number": 239
      }
    ],
    "docs/work/2026-07-20-nix-tooling-hooks-integrate/purpose.contract.json": [
      {
        "type": "Hex High Entropy String",
        "filename": "docs/work/2026-07-20-nix-tooling-hooks-integrate/purpose.contract.json",
        "hashed_secret": "a9b1c71d3ecce27bd34478fc527bf0854d8c7ebb",
        "is_verified": false,
        "line_number": 27
      },
      {
        "type": "Hex High Entropy String",
        "filename": "docs/work/2026-07-20-nix-tooling-hooks-integrate/purpose.contract.json",
        "hashed_secret": "d15ff0de9267cfd24b9460bffd6d5c7b1af73268",
        "is_verified": false,
        "line_number": 28
      }
    ],
    "docs/work/2026-07-20-nix-tooling-hooks-integrate/work.spec.json": [
      {
        "type": "Hex High Entropy String",
        "filename": "docs/work/2026-07-20-nix-tooling-hooks-integrate/work.spec.json",
        "hashed_secret": "a9b1c71d3ecce27bd34478fc527bf0854d8c7ebb",
        "is_verified": false,
        "line_number": 10
      },
      {
        "type": "Hex High Entropy String",
        "filename": "docs/work/2026-07-20-nix-tooling-hooks-integrate/work.spec.json",
        "hashed_secret": "8f67d787ef30df8bb1d8ae485eb0e38667bfeb4b",
        "is_verified": false,
        "line_number": 11
      },
      {
        "type": "Hex High Entropy String",
        "filename": "docs/work/2026-07-20-nix-tooling-hooks-integrate/work.spec.json",
        "hashed_secret": "3576a724e784c1de036ce66bea4ed03bdbb9a395",
        "is_verified": false,
        "line_number": 12
      },
      {
        "type": "Hex High Entropy String",
        "filename": "docs/work/2026-07-20-nix-tooling-hooks-integrate/work.spec.json",
        "hashed_secret": "2fc673eca5fd400bc0a8015d3b07a82464c748e2",
        "is_verified": false,
        "line_number": 27
      }
    ],
    "docs/work/2026-07-23-codex-external-harness-orchestration/evidence.bundle.json": [
      {
        "type": "Hex High Entropy String",
        "filename": "docs/work/2026-07-23-codex-external-harness-orchestration/evidence.bundle.json",
        "hashed_secret": "fc6816bf4b322eedc7d5a445ec1f94b62def1c05",
        "is_verified": false,
        "line_number": 9
      },
      {
        "type": "Hex High Entropy String",
        "filename": "docs/work/2026-07-23-codex-external-harness-orchestration/evidence.bundle.json",
        "hashed_secret": "872a4538d3e6ac3cd8a0c880536ab3282a6ece66",
        "is_verified": false,
        "line_number": 14
      },
      {
        "type": "Hex High Entropy String",
        "filename": "docs/work/2026-07-23-codex-external-harness-orchestration/evidence.bundle.json",
        "hashed_secret": "5abe839a5bfe6a33ec99cac951cbfae6d8241917",
        "is_verified": false,
        "line_number": 28
      },
      {
        "type": "Hex High Entropy String",
        "filename": "docs/work/2026-07-23-codex-external-harness-orchestration/evidence.bundle.json",
        "hashed_secret": "0418702c9f36ffcdd7d1863b05eb62159f09b889",
        "is_verified": false,
        "line_number": 38
      },
      {
        "type": "Hex High Entropy String",
        "filename": "docs/work/2026-07-23-codex-external-harness-orchestration/evidence.bundle.json",
        "hashed_secret": "ea57768aff92231e6bdf63b77d06c6bfb0f51e96",
        "is_verified": false,
        "line_number": 47
      },
      {
        "type": "Hex High Entropy String",
        "filename": "docs/work/2026-07-23-codex-external-harness-orchestration/evidence.bundle.json",
        "hashed_secret": "8ea9d5699f41408e0fd402ff5a4aa20dd495fc01",
        "is_verified": false,
        "line_number": 56
      },
      {
        "type": "Hex High Entropy String",
        "filename": "docs/work/2026-07-23-codex-external-harness-orchestration/evidence.bundle.json",
        "hashed_secret": "f81205008bd5fba70b85adaea87e8a9d5a21bb32",
        "is_verified": false,
        "line_number": 65
      },
      {
        "type": "Hex High Entropy String",
        "filename": "docs/work/2026-07-23-codex-external-harness-orchestration/evidence.bundle.json",
        "hashed_secret": "8b49d6eefb02742f8fb02777ab248725f4e98596",
        "is_verified": false,
        "line_number": 83
      },
      {
        "type": "Hex High Entropy String",
        "filename": "docs/work/2026-07-23-codex-external-harness-orchestration/evidence.bundle.json",
        "hashed_secret": "a949cf2c8c4dad22add2eeaa322e441c0d0822d5",
        "is_verified": false,
        "line_number": 92
      },
      {
        "type": "Hex High Entropy String",
        "filename": "docs/work/2026-07-23-codex-external-harness-orchestration/evidence.bundle.json",
        "hashed_secret": "be414c4c798f5c4ab88967ef6162a5395c82b50d",
        "is_verified": false,
        "line_number": 101
      },
      {
        "type": "Hex High Entropy String",
        "filename": "docs/work/2026-07-23-codex-external-harness-orchestration/evidence.bundle.json",
        "hashed_secret": "244f421f896bdcdd2784dccf4eaf7c8dfd5189b5",
        "is_verified": false,
        "line_number": 110
      },
      {
        "type": "Hex High Entropy String",
        "filename": "docs/work/2026-07-23-codex-external-harness-orchestration/evidence.bundle.json",
        "hashed_secret": "3811bb75e18cc06c72169d9675582ecc89774647",
        "is_verified": false,
        "line_number": 119
      },
      {
        "type": "Hex High Entropy String",
        "filename": "docs/work/2026-07-23-codex-external-harness-orchestration/evidence.bundle.json",
        "hashed_secret": "9589db0ba79f0b1c38279f002760f995c4e5080b",
        "is_verified": false,
        "line_number": 333
      },
      {
        "type": "Hex High Entropy String",
        "filename": "docs/work/2026-07-23-codex-external-harness-orchestration/evidence.bundle.json",
        "hashed_secret": "f1883682e4d1eb27cc68a05b4555ed52e04bdacb",
        "is_verified": false,
        "line_number": 338
      },
      {
        "type": "Hex High Entropy String",
        "filename": "docs/work/2026-07-23-codex-external-harness-orchestration/evidence.bundle.json",
        "hashed_secret": "5a5336f9b33315191a1dde67e476bacb626c7d1c",
        "is_verified": false,
        "line_number": 343
      }
    ],
    "docs/work/2026-07-23-codex-external-harness-orchestration/purpose.contract.json": [
      {
        "type": "Hex High Entropy String",
        "filename": "docs/work/2026-07-23-codex-external-harness-orchestration/purpose.contract.json",
        "hashed_secret": "fc6816bf4b322eedc7d5a445ec1f94b62def1c05",
        "is_verified": false,
        "line_number": 146
      },
      {
        "type": "Hex High Entropy String",
        "filename": "docs/work/2026-07-23-codex-external-harness-orchestration/purpose.contract.json",
        "hashed_secret": "66f9220521f85877f017ebcea4c331b7e4ae0afa",
        "is_verified": false,
        "line_number": 153
      }
    ],
    "docs/work/2026-07-23-codex-external-harness-orchestration/work.spec.json": [
      {
        "type": "Hex High Entropy String",
        "filename": "docs/work/2026-07-23-codex-external-harness-orchestration/work.spec.json",
        "hashed_secret": "9589db0ba79f0b1c38279f002760f995c4e5080b",
        "is_verified": false,
        "line_number": 16
      },
      {
        "type": "Hex High Entropy String",
        "filename": "docs/work/2026-07-23-codex-external-harness-orchestration/work.spec.json",
        "hashed_secret": "fc6816bf4b322eedc7d5a445ec1f94b62def1c05",
        "is_verified": false,
        "line_number": 518
      },
      {
        "type": "Hex High Entropy String",
        "filename": "docs/work/2026-07-23-codex-external-harness-orchestration/work.spec.json",
        "hashed_secret": "872a4538d3e6ac3cd8a0c880536ab3282a6ece66",
        "is_verified": false,
        "line_number": 523
      },
      {
        "type": "Hex High Entropy String",
        "filename": "docs/work/2026-07-23-codex-external-harness-orchestration/work.spec.json",
        "hashed_secret": "6b0683c346f3b37951b1c504f015e075c51958c0",
        "is_verified": false,
        "line_number": 530
      }
    ],
    "docs/work/2026-07-24-jcode-direct-gateway-routing/evidence.bundle.json": [
      {
        "type": "Hex High Entropy String",
        "filename": "docs/work/2026-07-24-jcode-direct-gateway-routing/evidence.bundle.json",
        "hashed_secret": "6406bad92569897198dbd4a47e7d3b1e17db3997",
        "is_verified": false,
        "line_number": 9
      },
      {
        "type": "Hex High Entropy String",
        "filename": "docs/work/2026-07-24-jcode-direct-gateway-routing/evidence.bundle.json",
        "hashed_secret": "9d598c6621e7aa37055deb89ea093cad772d139b",
        "is_verified": false,
        "line_number": 14
      },
      {
        "type": "Hex High Entropy String",
        "filename": "docs/work/2026-07-24-jcode-direct-gateway-routing/evidence.bundle.json",
        "hashed_secret": "692f29d13e7568b4ecb613e2a4a152aad7ec7421",
        "is_verified": false,
        "line_number": 28
      },
      {
        "type": "Hex High Entropy String",
        "filename": "docs/work/2026-07-24-jcode-direct-gateway-routing/evidence.bundle.json",
        "hashed_secret": "855773b2c1096bb41444d2bdb8f5bf70c87cd093",
        "is_verified": false,
        "line_number": 47
      },
      {
        "type": "Hex High Entropy String",
        "filename": "docs/work/2026-07-24-jcode-direct-gateway-routing/evidence.bundle.json",
        "hashed_secret": "0a60f3fe95fbdca1d78e2aa9e43be33f859ba713",
        "is_verified": false,
        "line_number": 56
      },
      {
        "type": "Hex High Entropy String",
        "filename": "docs/work/2026-07-24-jcode-direct-gateway-routing/evidence.bundle.json",
        "hashed_secret": "01995f2d4b16f83f0712bca5aff4c3f00258b467",
        "is_verified": false,
        "line_number": 65
      },
      {
        "type": "Hex High Entropy String",
        "filename": "docs/work/2026-07-24-jcode-direct-gateway-routing/evidence.bundle.json",
        "hashed_secret": "24080e3641f25b706f9a84c732d0751fefdd39cb",
        "is_verified": false,
        "line_number": 74
      },
      {
        "type": "Hex High Entropy String",
        "filename": "docs/work/2026-07-24-jcode-direct-gateway-routing/evidence.bundle.json",
        "hashed_secret": "f5d6c707b64bd3d5d2058d5b117897508a17e142",
        "is_verified": false,
        "line_number": 253
      },
      {
        "type": "Hex High Entropy String",
        "filename": "docs/work/2026-07-24-jcode-direct-gateway-routing/evidence.bundle.json",
        "hashed_secret": "1b4977ca60bfffcc483698aa5bf65c10575d450f",
        "is_verified": false,
        "line_number": 258
      },
      {
        "type": "Hex High Entropy String",
        "filename": "docs/work/2026-07-24-jcode-direct-gateway-routing/evidence.bundle.json",
        "hashed_secret": "4494afc01d6528c9bb6715c747e748cdc4cd902b",
        "is_verified": false,
        "line_number": 263
      }
    ],
    "docs/work/2026-07-24-jcode-direct-gateway-routing/evidence/result.json": [
      {
        "type": "Hex High Entropy String",
        "filename": "docs/work/2026-07-24-jcode-direct-gateway-routing/evidence/result.json",
        "hashed_secret": "74176ebe52f6056c256a3f34661c83849ea51483",
        "is_verified": false,
        "line_number": 9
      },
      {
        "type": "Base64 High Entropy String",
        "filename": "docs/work/2026-07-24-jcode-direct-gateway-routing/evidence/result.json",
        "hashed_secret": "4d183c37afc35e542034bf58bc5f91ba203b0597",
        "is_verified": false,
        "line_number": 61
      }
    ],
    "docs/work/2026-07-24-jcode-direct-gateway-routing/purpose.contract.json": [
      {
        "type": "Hex High Entropy String",
        "filename": "docs/work/2026-07-24-jcode-direct-gateway-routing/purpose.contract.json",
        "hashed_secret": "6406bad92569897198dbd4a47e7d3b1e17db3997",
        "is_verified": false,
        "line_number": 52
      },
      {
        "type": "Hex High Entropy String",
        "filename": "docs/work/2026-07-24-jcode-direct-gateway-routing/purpose.contract.json",
        "hashed_secret": "d15ff0de9267cfd24b9460bffd6d5c7b1af73268",
        "is_verified": false,
        "line_number": 59
      }
    ],
    "docs/work/2026-07-24-jcode-direct-gateway-routing/work.spec.json": [
      {
        "type": "Hex High Entropy String",
        "filename": "docs/work/2026-07-24-jcode-direct-gateway-routing/work.spec.json",
        "hashed_secret": "6406bad92569897198dbd4a47e7d3b1e17db3997",
        "is_verified": false,
        "line_number": 19
      },
      {
        "type": "Hex High Entropy String",
        "filename": "docs/work/2026-07-24-jcode-direct-gateway-routing/work.spec.json",
        "hashed_secret": "9d598c6621e7aa37055deb89ea093cad772d139b",
        "is_verified": false,
        "line_number": 24
      },
      {
        "type": "Hex High Entropy String",
        "filename": "docs/work/2026-07-24-jcode-direct-gateway-routing/work.spec.json",
        "hashed_secret": "3576a724e784c1de036ce66bea4ed03bdbb9a395",
        "is_verified": false,
        "line_number": 31
      },
      {
        "type": "Hex High Entropy String",
        "filename": "docs/work/2026-07-24-jcode-direct-gateway-routing/work.spec.json",
        "hashed_secret": "f5d6c707b64bd3d5d2058d5b117897508a17e142",
        "is_verified": false,
        "line_number": 56
      }
    ],
    "docs/work/2026-07-24-jcode-shared-tui-webtty/current-spec.snapshot.json": [
      {
        "type": "Hex High Entropy String",
        "filename": "docs/work/2026-07-24-jcode-shared-tui-webtty/current-spec.snapshot.json",
        "hashed_secret": "74176ebe52f6056c256a3f34661c83849ea51483",
        "is_verified": false,
        "line_number": 6
      }
    ],
    "docs/work/2026-07-24-jcode-shared-tui-webtty/evidence.bundle.json": [
      {
        "type": "Hex High Entropy String",
        "filename": "docs/work/2026-07-24-jcode-shared-tui-webtty/evidence.bundle.json",
        "hashed_secret": "55431b7a30d50dfc12e12d062870a48d54fdc3aa",
        "is_verified": false,
        "line_number": 9
      },
      {
        "type": "Hex High Entropy String",
        "filename": "docs/work/2026-07-24-jcode-shared-tui-webtty/evidence.bundle.json",
        "hashed_secret": "04ef8bc9646036c6efe1f9fbeca5416f30061a21",
        "is_verified": false,
        "line_number": 14
      },
      {
        "type": "Hex High Entropy String",
        "filename": "docs/work/2026-07-24-jcode-shared-tui-webtty/evidence.bundle.json",
        "hashed_secret": "f260fdab295b41e7f8799452ad34438edf4333dc",
        "is_verified": false,
        "line_number": 28
      },
      {
        "type": "Hex High Entropy String",
        "filename": "docs/work/2026-07-24-jcode-shared-tui-webtty/evidence.bundle.json",
        "hashed_secret": "aa0d0a92fec54f91a683f3b10c25edb3ad1425a6",
        "is_verified": false,
        "line_number": 47
      },
      {
        "type": "Hex High Entropy String",
        "filename": "docs/work/2026-07-24-jcode-shared-tui-webtty/evidence.bundle.json",
        "hashed_secret": "c55b99120a9d7b2bef24581d2f3244a7eeecfa50",
        "is_verified": false,
        "line_number": 56
      },
      {
        "type": "Hex High Entropy String",
        "filename": "docs/work/2026-07-24-jcode-shared-tui-webtty/evidence.bundle.json",
        "hashed_secret": "66191158d1f3f35dda10284fd2ff1052521bd4b6",
        "is_verified": false,
        "line_number": 65
      },
      {
        "type": "Hex High Entropy String",
        "filename": "docs/work/2026-07-24-jcode-shared-tui-webtty/evidence.bundle.json",
        "hashed_secret": "87d3b199170aaf767e03c8318f89aa0518d69d74",
        "is_verified": false,
        "line_number": 74
      },
      {
        "type": "Hex High Entropy String",
        "filename": "docs/work/2026-07-24-jcode-shared-tui-webtty/evidence.bundle.json",
        "hashed_secret": "b40a698f7b3ee35449323ebdc797b29b33e21dc6",
        "is_verified": false,
        "line_number": 247
      },
      {
        "type": "Hex High Entropy String",
        "filename": "docs/work/2026-07-24-jcode-shared-tui-webtty/evidence.bundle.json",
        "hashed_secret": "1e10bb4352498458b5f990820305b36c6e4740f0",
        "is_verified": false,
        "line_number": 252
      },
      {
        "type": "Hex High Entropy String",
        "filename": "docs/work/2026-07-24-jcode-shared-tui-webtty/evidence.bundle.json",
        "hashed_secret": "5ad44d6c5348117ae088a7066833b2949037e95f",
        "is_verified": false,
        "line_number": 257
      }
    ],
    "docs/work/2026-07-24-jcode-shared-tui-webtty/evidence/result.json": [
      {
        "type": "Hex High Entropy String",
        "filename": "docs/work/2026-07-24-jcode-shared-tui-webtty/evidence/result.json",
        "hashed_secret": "74176ebe52f6056c256a3f34661c83849ea51483",
        "is_verified": false,
        "line_number": 9
      }
    ],
    "docs/work/2026-07-24-jcode-shared-tui-webtty/purpose.contract.json": [
      {
        "type": "Hex High Entropy String",
        "filename": "docs/work/2026-07-24-jcode-shared-tui-webtty/purpose.contract.json",
        "hashed_secret": "55431b7a30d50dfc12e12d062870a48d54fdc3aa",
        "is_verified": false,
        "line_number": 51
      },
      {
        "type": "Hex High Entropy String",
        "filename": "docs/work/2026-07-24-jcode-shared-tui-webtty/purpose.contract.json",
        "hashed_secret": "d15ff0de9267cfd24b9460bffd6d5c7b1af73268",
        "is_verified": false,
        "line_number": 58
      }
    ],
    "docs/work/2026-07-24-jcode-shared-tui-webtty/work.spec.json": [
      {
        "type": "Hex High Entropy String",
        "filename": "docs/work/2026-07-24-jcode-shared-tui-webtty/work.spec.json",
        "hashed_secret": "55431b7a30d50dfc12e12d062870a48d54fdc3aa",
        "is_verified": false,
        "line_number": 19
      },
      {
        "type": "Hex High Entropy String",
        "filename": "docs/work/2026-07-24-jcode-shared-tui-webtty/work.spec.json",
        "hashed_secret": "04ef8bc9646036c6efe1f9fbeca5416f30061a21",
        "is_verified": false,
        "line_number": 24
      },
      {
        "type": "Hex High Entropy String",
        "filename": "docs/work/2026-07-24-jcode-shared-tui-webtty/work.spec.json",
        "hashed_secret": "3576a724e784c1de036ce66bea4ed03bdbb9a395",
        "is_verified": false,
        "line_number": 31
      },
      {
        "type": "Hex High Entropy String",
        "filename": "docs/work/2026-07-24-jcode-shared-tui-webtty/work.spec.json",
        "hashed_secret": "b40a698f7b3ee35449323ebdc797b29b33e21dc6",
        "is_verified": false,
        "line_number": 56
      }
    ],
    "docs/work/2026-07-30-portable-cargo-pgrx/current-spec.snapshot.json": [
      {
        "type": "Hex High Entropy String",
        "filename": "docs/work/2026-07-30-portable-cargo-pgrx/current-spec.snapshot.json",
        "hashed_secret": "9598891a014ada70471e451af135f2bf40482351",
        "is_verified": false,
        "line_number": 6
      }
    ],
    "docs/work/2026-07-30-portable-cargo-pgrx/evidence.bundle.json": [
      {
        "type": "Hex High Entropy String",
        "filename": "docs/work/2026-07-30-portable-cargo-pgrx/evidence.bundle.json",
        "hashed_secret": "06ab72f4ae8c37661871de4220988383379168dd",
        "is_verified": false,
        "line_number": 9
      },
      {
        "type": "Hex High Entropy String",
        "filename": "docs/work/2026-07-30-portable-cargo-pgrx/evidence.bundle.json",
        "hashed_secret": "f49fb39bc4b45f6c127a92a37ee513e3d3fafce2",
        "is_verified": false,
        "line_number": 14
      },
      {
        "type": "Hex High Entropy String",
        "filename": "docs/work/2026-07-30-portable-cargo-pgrx/evidence.bundle.json",
        "hashed_secret": "de14d0b5f0f01f0addb61df31e3a8905a575b32a",
        "is_verified": false,
        "line_number": 28
      },
      {
        "type": "Hex High Entropy String",
        "filename": "docs/work/2026-07-30-portable-cargo-pgrx/evidence.bundle.json",
        "hashed_secret": "7e28ced418fdce4082267dddd4577d913a556184",
        "is_verified": false,
        "line_number": 47
      },
      {
        "type": "Hex High Entropy String",
        "filename": "docs/work/2026-07-30-portable-cargo-pgrx/evidence.bundle.json",
        "hashed_secret": "151634734e802b9fab34ce09adbc9a1c48dcadc0",
        "is_verified": false,
        "line_number": 56
      },
      {
        "type": "Hex High Entropy String",
        "filename": "docs/work/2026-07-30-portable-cargo-pgrx/evidence.bundle.json",
        "hashed_secret": "5c337c6322b34f54c0a167eb0276cd7b921f363c",
        "is_verified": false,
        "line_number": 65
      },
      {
        "type": "Hex High Entropy String",
        "filename": "docs/work/2026-07-30-portable-cargo-pgrx/evidence.bundle.json",
        "hashed_secret": "5c1854f4f9407b06c1bc58d9933923c728a98d15",
        "is_verified": false,
        "line_number": 222
      },
      {
        "type": "Hex High Entropy String",
        "filename": "docs/work/2026-07-30-portable-cargo-pgrx/evidence.bundle.json",
        "hashed_secret": "7aea2b73f8d216adfb9f66af8bec2dbf6695d74f",
        "is_verified": false,
        "line_number": 227
      },
      {
        "type": "Hex High Entropy String",
        "filename": "docs/work/2026-07-30-portable-cargo-pgrx/evidence.bundle.json",
        "hashed_secret": "bdc89a202c1869cfbe914a9b8ace079aef7b2906",
        "is_verified": false,
        "line_number": 232
      }
    ],
    "docs/work/2026-07-30-portable-cargo-pgrx/purpose.contract.json": [
      {
        "type": "Hex High Entropy String",
        "filename": "docs/work/2026-07-30-portable-cargo-pgrx/purpose.contract.json",
        "hashed_secret": "06ab72f4ae8c37661871de4220988383379168dd",
        "is_verified": false,
        "line_number": 53
      },
      {
        "type": "Hex High Entropy String",
        "filename": "docs/work/2026-07-30-portable-cargo-pgrx/purpose.contract.json",
        "hashed_secret": "d15ff0de9267cfd24b9460bffd6d5c7b1af73268",
        "is_verified": false,
        "line_number": 60
      }
    ],
    "docs/work/2026-07-30-portable-cargo-pgrx/work.spec.json": [
      {
        "type": "Hex High Entropy String",
        "filename": "docs/work/2026-07-30-portable-cargo-pgrx/work.spec.json",
        "hashed_secret": "06ab72f4ae8c37661871de4220988383379168dd",
        "is_verified": false,
        "line_number": 19
      },
      {
        "type": "Hex High Entropy String",
        "filename": "docs/work/2026-07-30-portable-cargo-pgrx/work.spec.json",
        "hashed_secret": "f49fb39bc4b45f6c127a92a37ee513e3d3fafce2",
        "is_verified": false,
        "line_number": 24
      },
      {
        "type": "Hex High Entropy String",
        "filename": "docs/work/2026-07-30-portable-cargo-pgrx/work.spec.json",
        "hashed_secret": "3576a724e784c1de036ce66bea4ed03bdbb9a395",
        "is_verified": false,
        "line_number": 31
      },
      {
        "type": "Hex High Entropy String",
        "filename": "docs/work/2026-07-30-portable-cargo-pgrx/work.spec.json",
        "hashed_secret": "5c1854f4f9407b06c1bc58d9933923c728a98d15",
        "is_verified": false,
        "line_number": 55
      }
    ],
    "docs/work/2026-08-03-jcode-lane-settle-retirement/evidence.bundle.json": [
      {
        "type": "Hex High Entropy String",
        "filename": "docs/work/2026-08-03-jcode-lane-settle-retirement/evidence.bundle.json",
        "hashed_secret": "a577e8ca33987750d106607ad1dcfc8ae75aa255",
        "is_verified": false,
        "line_number": 6
      },
      {
        "type": "Hex High Entropy String",
        "filename": "docs/work/2026-08-03-jcode-lane-settle-retirement/evidence.bundle.json",
        "hashed_secret": "040d2d47794ff716b54d54dad6e962585cc26e17",
        "is_verified": false,
        "line_number": 7
      },
      {
        "type": "Hex High Entropy String",
        "filename": "docs/work/2026-08-03-jcode-lane-settle-retirement/evidence.bundle.json",
        "hashed_secret": "504114f8106ec5fffd4b5e04b0f6d9c80e19fc82",
        "is_verified": false,
        "line_number": 34
      },
      {
        "type": "Hex High Entropy String",
        "filename": "docs/work/2026-08-03-jcode-lane-settle-retirement/evidence.bundle.json",
        "hashed_secret": "784cb468ed3e500fd01e993374a2e25ce44c4347",
        "is_verified": false,
        "line_number": 34
      },
      {
        "type": "Hex High Entropy String",
        "filename": "docs/work/2026-08-03-jcode-lane-settle-retirement/evidence.bundle.json",
        "hashed_secret": "d5ecc2fcf39988c4c32862fa9bf71d9e07c15446",
        "is_verified": false,
        "line_number": 34
      }
    ],
    "docs/work/2026-08-03-jcode-lane-settle-retirement/purpose.contract.json": [
      {
        "type": "Hex High Entropy String",
        "filename": "docs/work/2026-08-03-jcode-lane-settle-retirement/purpose.contract.json",
        "hashed_secret": "a577e8ca33987750d106607ad1dcfc8ae75aa255",
        "is_verified": false,
        "line_number": 52
      },
      {
        "type": "Hex High Entropy String",
        "filename": "docs/work/2026-08-03-jcode-lane-settle-retirement/purpose.contract.json",
        "hashed_secret": "66f9220521f85877f017ebcea4c331b7e4ae0afa",
        "is_verified": false,
        "line_number": 59
      }
    ],
    "docs/work/2026-08-03-jcode-lane-settle-retirement/work.spec.json": [
      {
        "type": "Hex High Entropy String",
        "filename": "docs/work/2026-08-03-jcode-lane-settle-retirement/work.spec.json",
        "hashed_secret": "a577e8ca33987750d106607ad1dcfc8ae75aa255",
        "is_verified": false,
        "line_number": 19
      },
      {
        "type": "Hex High Entropy String",
        "filename": "docs/work/2026-08-03-jcode-lane-settle-retirement/work.spec.json",
        "hashed_secret": "040d2d47794ff716b54d54dad6e962585cc26e17",
        "is_verified": false,
        "line_number": 24
      },
      {
        "type": "Hex High Entropy String",
        "filename": "docs/work/2026-08-03-jcode-lane-settle-retirement/work.spec.json",
        "hashed_secret": "66f9220521f85877f017ebcea4c331b7e4ae0afa",
        "is_verified": false,
        "line_number": 31
      },
      {
        "type": "Hex High Entropy String",
        "filename": "docs/work/2026-08-03-jcode-lane-settle-retirement/work.spec.json",
        "hashed_secret": "504114f8106ec5fffd4b5e04b0f6d9c80e19fc82",
        "is_verified": false,
        "line_number": 55
      }
    ],
    "docs/work/2026-08-09-swarm-hook-single-flight/current-spec.snapshot.json": [
      {
        "type": "Hex High Entropy String",
        "filename": "docs/work/2026-08-09-swarm-hook-single-flight/current-spec.snapshot.json",
        "hashed_secret": "efe0afc6a6f57d5012573554031f5a9ac027ffe9",
        "is_verified": false,
        "line_number": 6
      }
    ],
    "docs/work/2026-08-09-swarm-hook-single-flight/evidence.bundle.json": [
      {
        "type": "Hex High Entropy String",
        "filename": "docs/work/2026-08-09-swarm-hook-single-flight/evidence.bundle.json",
        "hashed_secret": "28c39bc5e31793eea8de9a6f40a1de6b1f60b982",
        "is_verified": false,
        "line_number": 9
      },
      {
        "type": "Hex High Entropy String",
        "filename": "docs/work/2026-08-09-swarm-hook-single-flight/evidence.bundle.json",
        "hashed_secret": "03dc47891c9a38dba3a3a309446409afc2be2d0d",
        "is_verified": false,
        "line_number": 14
      },
      {
        "type": "Hex High Entropy String",
        "filename": "docs/work/2026-08-09-swarm-hook-single-flight/evidence.bundle.json",
        "hashed_secret": "70e3c21a3573034292b40f1cc91e9c3f786e25ac",
        "is_verified": false,
        "line_number": 28
      },
      {
        "type": "Hex High Entropy String",
        "filename": "docs/work/2026-08-09-swarm-hook-single-flight/evidence.bundle.json",
        "hashed_secret": "c3f8b3779c0f89a19fbb7c8069c2f694b95b0d59",
        "is_verified": false,
        "line_number": 47
      },
      {
        "type": "Hex High Entropy String",
        "filename": "docs/work/2026-08-09-swarm-hook-single-flight/evidence.bundle.json",
        "hashed_secret": "42f853ad054893e7b58eda724ebc292458404fc5",
        "is_verified": false,
        "line_number": 56
      },
      {
        "type": "Hex High Entropy String",
        "filename": "docs/work/2026-08-09-swarm-hook-single-flight/evidence.bundle.json",
        "hashed_secret": "f8f83bb0448008fa2a36faf3e652c7183b19dc95",
        "is_verified": false,
        "line_number": 65
      },
      {
        "type": "Hex High Entropy String",
        "filename": "docs/work/2026-08-09-swarm-hook-single-flight/evidence.bundle.json",
        "hashed_secret": "1565297bd1454e8920903a2c32a29bfb55951d58",
        "is_verified": false,
        "line_number": 74
      },
      {
        "type": "Hex High Entropy String",
        "filename": "docs/work/2026-08-09-swarm-hook-single-flight/evidence.bundle.json",
        "hashed_secret": "22b9dc5e1ae3b59d2a8eede7b51d21159c138104",
        "is_verified": false,
        "line_number": 83
      },
      {
        "type": "Hex High Entropy String",
        "filename": "docs/work/2026-08-09-swarm-hook-single-flight/evidence.bundle.json",
        "hashed_secret": "b17b8c56ec0405af149fc6485463a3fda1c3c6b1",
        "is_verified": false,
        "line_number": 92
      },
      {
        "type": "Hex High Entropy String",
        "filename": "docs/work/2026-08-09-swarm-hook-single-flight/evidence.bundle.json",
        "hashed_secret": "859e036176d3b03af3cc31814976ce7e321842c3",
        "is_verified": false,
        "line_number": 101
      },
      {
        "type": "Hex High Entropy String",
        "filename": "docs/work/2026-08-09-swarm-hook-single-flight/evidence.bundle.json",
        "hashed_secret": "f6327d6574aff2e487c7a7731180225af4f0faac",
        "is_verified": false,
        "line_number": 110
      },
      {
        "type": "Hex High Entropy String",
        "filename": "docs/work/2026-08-09-swarm-hook-single-flight/evidence.bundle.json",
        "hashed_secret": "15c970de2f7a54e2172b1577bbe30e0902c07c02",
        "is_verified": false,
        "line_number": 251
      },
      {
        "type": "Hex High Entropy String",
        "filename": "docs/work/2026-08-09-swarm-hook-single-flight/evidence.bundle.json",
        "hashed_secret": "09cce5580eb09af0ca16e7a2af42c2c2761bdb4c",
        "is_verified": false,
        "line_number": 256
      },
      {
        "type": "Hex High Entropy String",
        "filename": "docs/work/2026-08-09-swarm-hook-single-flight/evidence.bundle.json",
        "hashed_secret": "d936bdd289e2722d60109bae70d602b79c0b9c7f",
        "is_verified": false,
        "line_number": 261
      }
    ],
    "docs/work/2026-08-09-swarm-hook-single-flight/evidence/red-fixture-proof.json": [
      {
        "type": "Hex High Entropy String",
        "filename": "docs/work/2026-08-09-swarm-hook-single-flight/evidence/red-fixture-proof.json",
        "hashed_secret": "efe0afc6a6f57d5012573554031f5a9ac027ffe9",
        "is_verified": false,
        "line_number": 8
      }
    ],
    "docs/work/2026-08-09-swarm-hook-single-flight/evidence/red-precommit-filter-proof.json": [
      {
        "type": "Hex High Entropy String",
        "filename": "docs/work/2026-08-09-swarm-hook-single-flight/evidence/red-precommit-filter-proof.json",
        "hashed_secret": "efe0afc6a6f57d5012573554031f5a9ac027ffe9",
        "is_verified": false,
        "line_number": 8
      }
    ],
    "docs/work/2026-08-09-swarm-hook-single-flight/evidence/red-proof.json": [
      {
        "type": "Hex High Entropy String",
        "filename": "docs/work/2026-08-09-swarm-hook-single-flight/evidence/red-proof.json",
        "hashed_secret": "efe0afc6a6f57d5012573554031f5a9ac027ffe9",
        "is_verified": false,
        "line_number": 8
      }
    ],
    "docs/work/2026-08-09-swarm-hook-single-flight/purpose.contract.json": [
      {
        "type": "Hex High Entropy String",
        "filename": "docs/work/2026-08-09-swarm-hook-single-flight/purpose.contract.json",
        "hashed_secret": "28c39bc5e31793eea8de9a6f40a1de6b1f60b982",
        "is_verified": false,
        "line_number": 52
      },
      {
        "type": "Hex High Entropy String",
        "filename": "docs/work/2026-08-09-swarm-hook-single-flight/purpose.contract.json",
        "hashed_secret": "d15ff0de9267cfd24b9460bffd6d5c7b1af73268",
        "is_verified": false,
        "line_number": 59
      }
    ],
    "docs/work/2026-08-09-swarm-hook-single-flight/work.spec.json": [
      {
        "type": "Hex High Entropy String",
        "filename": "docs/work/2026-08-09-swarm-hook-single-flight/work.spec.json",
        "hashed_secret": "28c39bc5e31793eea8de9a6f40a1de6b1f60b982",
        "is_verified": false,
        "line_number": 19
      },
      {
        "type": "Hex High Entropy String",
        "filename": "docs/work/2026-08-09-swarm-hook-single-flight/work.spec.json",
        "hashed_secret": "03dc47891c9a38dba3a3a309446409afc2be2d0d",
        "is_verified": false,
        "line_number": 24
      },
      {
        "type": "Hex High Entropy String",
        "filename": "docs/work/2026-08-09-swarm-hook-single-flight/work.spec.json",
        "hashed_secret": "3576a724e784c1de036ce66bea4ed03bdbb9a395",
        "is_verified": false,
        "line_number": 31
      },
      {
        "type": "Hex High Entropy String",
        "filename": "docs/work/2026-08-09-swarm-hook-single-flight/work.spec.json",
        "hashed_secret": "15c970de2f7a54e2172b1577bbe30e0902c07c02",
        "is_verified": false,
        "line_number": 55
      }
    ],
    "docs/work/2026-08-14-host-resource-guardrails/current-spec.snapshot.json": [
      {
        "type": "Hex High Entropy String",
        "filename": "docs/work/2026-08-14-host-resource-guardrails/current-spec.snapshot.json",
        "hashed_secret": "efe0afc6a6f57d5012573554031f5a9ac027ffe9",
        "is_verified": false,
        "line_number": 6
      }
    ],
    "docs/work/2026-08-14-host-resource-guardrails/evidence.bundle.json": [
      {
        "type": "Hex High Entropy String",
        "filename": "docs/work/2026-08-14-host-resource-guardrails/evidence.bundle.json",
        "hashed_secret": "48fee8d48702e3b3e716cf40abd1f416931490a8",
        "is_verified": false,
        "line_number": 6
      },
      {
        "type": "Hex High Entropy String",
        "filename": "docs/work/2026-08-14-host-resource-guardrails/evidence.bundle.json",
        "hashed_secret": "c621cb2c103385eda6e9c952543eae753dc3673e",
        "is_verified": false,
        "line_number": 7
      },
      {
        "type": "Hex High Entropy String",
        "filename": "docs/work/2026-08-14-host-resource-guardrails/evidence.bundle.json",
        "hashed_secret": "8440780bab321eb4c5412e22a89babc0fa33ed18",
        "is_verified": false,
        "line_number": 28
      },
      {
        "type": "Hex High Entropy String",
        "filename": "docs/work/2026-08-14-host-resource-guardrails/evidence.bundle.json",
        "hashed_secret": "8d66ade101185f0f350d5f8e7097eab46355eec5",
        "is_verified": false,
        "line_number": 28
      },
      {
        "type": "Hex High Entropy String",
        "filename": "docs/work/2026-08-14-host-resource-guardrails/evidence.bundle.json",
        "hashed_secret": "e54f35135d45a1b229dfc22a21f796a0a365bfbe",
        "is_verified": false,
        "line_number": 28
      }
    ],
    "docs/work/2026-08-14-host-resource-guardrails/purpose.contract.json": [
      {
        "type": "Hex High Entropy String",
        "filename": "docs/work/2026-08-14-host-resource-guardrails/purpose.contract.json",
        "hashed_secret": "48fee8d48702e3b3e716cf40abd1f416931490a8",
        "is_verified": false,
        "line_number": 10
      },
      {
        "type": "Hex High Entropy String",
        "filename": "docs/work/2026-08-14-host-resource-guardrails/purpose.contract.json",
        "hashed_secret": "d15ff0de9267cfd24b9460bffd6d5c7b1af73268",
        "is_verified": false,
        "line_number": 10
      }
    ],
    "docs/work/2026-08-14-host-resource-guardrails/work.spec.json": [
      {
        "type": "Hex High Entropy String",
        "filename": "docs/work/2026-08-14-host-resource-guardrails/work.spec.json",
        "hashed_secret": "3576a724e784c1de036ce66bea4ed03bdbb9a395",
        "is_verified": false,
        "line_number": 5
      },
      {
        "type": "Hex High Entropy String",
        "filename": "docs/work/2026-08-14-host-resource-guardrails/work.spec.json",
        "hashed_secret": "48fee8d48702e3b3e716cf40abd1f416931490a8",
        "is_verified": false,
        "line_number": 5
      },
      {
        "type": "Hex High Entropy String",
        "filename": "docs/work/2026-08-14-host-resource-guardrails/work.spec.json",
        "hashed_secret": "c621cb2c103385eda6e9c952543eae753dc3673e",
        "is_verified": false,
        "line_number": 5
      },
      {
        "type": "Hex High Entropy String",
        "filename": "docs/work/2026-08-14-host-resource-guardrails/work.spec.json",
        "hashed_secret": "8440780bab321eb4c5412e22a89babc0fa33ed18",
        "is_verified": false,
        "line_number": 13
      }
    ],
    "docs/work/2026-08-21-direnv-dump-strip/purpose.contract.json": [
      {
        "type": "Hex High Entropy String",
        "filename": "docs/work/2026-08-21-direnv-dump-strip/purpose.contract.json",
        "hashed_secret": "d15ff0de9267cfd24b9460bffd6d5c7b1af73268",
        "is_verified": false,
        "line_number": 49
      }
    ],
    "docs/work/2026-08-21-direnv-dump-strip/work.spec.json": [
      {
        "type": "Hex High Entropy String",
        "filename": "docs/work/2026-08-21-direnv-dump-strip/work.spec.json",
        "hashed_secret": "3576a724e784c1de036ce66bea4ed03bdbb9a395",
        "is_verified": false,
        "line_number": 25
      }
    ],
    "docs/work/2026-08-26-sccache-profile-scope/current-spec.snapshot.json": [
      {
        "type": "Hex High Entropy String",
        "filename": "docs/work/2026-08-26-sccache-profile-scope/current-spec.snapshot.json",
        "hashed_secret": "2bdf4fa6afacdf16b20d87abfb056d466ab16694",
        "is_verified": false,
        "line_number": 4
      }
    ],
    "docs/work/2026-09-05-codex-gpt6-settings/evidence.bundle.json": [
      {
        "type": "Hex High Entropy String",
        "filename": "docs/work/2026-09-05-codex-gpt6-settings/evidence.bundle.json",
        "hashed_secret": "6ed53438b8f00f64be6c0029e4f72cb396f9fca8",
        "is_verified": false,
        "line_number": 9
      },
      {
        "type": "Hex High Entropy String",
        "filename": "docs/work/2026-09-05-codex-gpt6-settings/evidence.bundle.json",
        "hashed_secret": "4719587bcfaea5867b24a70af1eabf7ecab5d394",
        "is_verified": false,
        "line_number": 14
      },
      {
        "type": "Hex High Entropy String",
        "filename": "docs/work/2026-09-05-codex-gpt6-settings/evidence.bundle.json",
        "hashed_secret": "2b9b3cdb17182c69a53471e9c78b3d980415f6df",
        "is_verified": false,
        "line_number": 28
      },
      {
        "type": "Hex High Entropy String",
        "filename": "docs/work/2026-09-05-codex-gpt6-settings/evidence.bundle.json",
        "hashed_secret": "ec68263a651c14d3a84416b0f3d79f59bde52751",
        "is_verified": false,
        "line_number": 38
      },
      {
        "type": "Hex High Entropy String",
        "filename": "docs/work/2026-09-05-codex-gpt6-settings/evidence.bundle.json",
        "hashed_secret": "f9b42d10214392cdd7a53b396d2a3cb2d86e292b",
        "is_verified": false,
        "line_number": 47
      },
      {
        "type": "Hex High Entropy String",
        "filename": "docs/work/2026-09-05-codex-gpt6-settings/evidence.bundle.json",
        "hashed_secret": "b16a27342de783448cac7bec16ec5fa47de6ed08",
        "is_verified": false,
        "line_number": 56
      },
      {
        "type": "Hex High Entropy String",
        "filename": "docs/work/2026-09-05-codex-gpt6-settings/evidence.bundle.json",
        "hashed_secret": "5ab98f4465098cfd4a3991e2e8d481e069733e0e",
        "is_verified": false,
        "line_number": 65
      },
      {
        "type": "Hex High Entropy String",
        "filename": "docs/work/2026-09-05-codex-gpt6-settings/evidence.bundle.json",
        "hashed_secret": "175d2d8b51b5490fa90efab7cb7acc324612e8f2",
        "is_verified": false,
        "line_number": 74
      },
      {
        "type": "Hex High Entropy String",
        "filename": "docs/work/2026-09-05-codex-gpt6-settings/evidence.bundle.json",
        "hashed_secret": "323f382ade22cadf322c8f700e14e71980bd3694",
        "is_verified": false,
        "line_number": 83
      },
      {
        "type": "Hex High Entropy String",
        "filename": "docs/work/2026-09-05-codex-gpt6-settings/evidence.bundle.json",
        "hashed_secret": "c31d487ce7bfa3decfe190413350c3d0f8b1af7a",
        "is_verified": false,
        "line_number": 92
      },
      {
        "type": "Hex High Entropy String",
        "filename": "docs/work/2026-09-05-codex-gpt6-settings/evidence.bundle.json",
        "hashed_secret": "4612dcc500d69462ec6eac1b0b3445957e0db978",
        "is_verified": false,
        "line_number": 101
      },
      {
        "type": "Hex High Entropy String",
        "filename": "docs/work/2026-09-05-codex-gpt6-settings/evidence.bundle.json",
        "hashed_secret": "c7716f30ae19fcd7e558a0e1f38638c3ae0b139e",
        "is_verified": false,
        "line_number": 110
      },
      {
        "type": "Hex High Entropy String",
        "filename": "docs/work/2026-09-05-codex-gpt6-settings/evidence.bundle.json",
        "hashed_secret": "77791d14eb1cb29e5fb88eea7963541c0aebc2c9",
        "is_verified": false,
        "line_number": 119
      },
      {
        "type": "Hex High Entropy String",
        "filename": "docs/work/2026-09-05-codex-gpt6-settings/evidence.bundle.json",
        "hashed_secret": "244f421f896bdcdd2784dccf4eaf7c8dfd5189b5",
        "is_verified": false,
        "line_number": 128
      },
      {
        "type": "Hex High Entropy String",
        "filename": "docs/work/2026-09-05-codex-gpt6-settings/evidence.bundle.json",
        "hashed_secret": "9939c6293bec704d226feb671350bd5345c6f6a1",
        "is_verified": false,
        "line_number": 137
      },
      {
        "type": "Hex High Entropy String",
        "filename": "docs/work/2026-09-05-codex-gpt6-settings/evidence.bundle.json",
        "hashed_secret": "41134f13cb9c7213f47faa23b2673e0d4b2af939",
        "is_verified": false,
        "line_number": 146
      },
      {
        "type": "Hex High Entropy String",
        "filename": "docs/work/2026-09-05-codex-gpt6-settings/evidence.bundle.json",
        "hashed_secret": "c8f6c0f33f44308f17a1d751ee199f6e6f4304d3",
        "is_verified": false,
        "line_number": 155
      },
      {
        "type": "Hex High Entropy String",
        "filename": "docs/work/2026-09-05-codex-gpt6-settings/evidence.bundle.json",
        "hashed_secret": "a9dcd5a821f9f5671938ac0a671822adcc3363c8",
        "is_verified": false,
        "line_number": 164
      },
      {
        "type": "Hex High Entropy String",
        "filename": "docs/work/2026-09-05-codex-gpt6-settings/evidence.bundle.json",
        "hashed_secret": "03dc5af547feedaa25efb72d585058328151db2d",
        "is_verified": false,
        "line_number": 173
      },
      {
        "type": "Hex High Entropy String",
        "filename": "docs/work/2026-09-05-codex-gpt6-settings/evidence.bundle.json",
        "hashed_secret": "2e3e93e5713d5484e87db00db531507a64149391",
        "is_verified": false,
        "line_number": 191
      },
      {
        "type": "Hex High Entropy String",
        "filename": "docs/work/2026-09-05-codex-gpt6-settings/evidence.bundle.json",
        "hashed_secret": "d86b6e2d429d58fbb1c5a0eec84f0b32d16ffb0a",
        "is_verified": false,
        "line_number": 200
      },
      {
        "type": "Hex High Entropy String",
        "filename": "docs/work/2026-09-05-codex-gpt6-settings/evidence.bundle.json",
        "hashed_secret": "c9f7729a89d7af83e876156618ace68292bb59fa",
        "is_verified": false,
        "line_number": 328
      },
      {
        "type": "Hex High Entropy String",
        "filename": "docs/work/2026-09-05-codex-gpt6-settings/evidence.bundle.json",
        "hashed_secret": "fb9b526ea16659467abadf1ce6e0df9060cb2ec6",
        "is_verified": false,
        "line_number": 333
      },
      {
        "type": "Hex High Entropy String",
        "filename": "docs/work/2026-09-05-codex-gpt6-settings/evidence.bundle.json",
        "hashed_secret": "34248318bc1cc8eb1421fcfbb0d7dffc8a195b93",
        "is_verified": false,
        "line_number": 338
      }
    ],
    "docs/work/2026-09-05-codex-gpt6-settings/work.spec.json": [
      {
        "type": "Hex High Entropy String",
        "filename": "docs/work/2026-09-05-codex-gpt6-settings/work.spec.json",
        "hashed_secret": "c9f7729a89d7af83e876156618ace68292bb59fa",
        "is_verified": false,
        "line_number": 23
      }
    ],
    "docs/work/2026-09-17-codex-coordination-root-recovery/current-spec.snapshot.json": [
      {
        "type": "Hex High Entropy String",
        "filename": "docs/work/2026-09-17-codex-coordination-root-recovery/current-spec.snapshot.json",
        "hashed_secret": "d0e44de3f00b519e83f3669ebba35b9c3c584abd",
        "is_verified": false,
        "line_number": 6
      }
    ],
    "docs/work/2026-09-18-codex-external-profile-orchestration/current-spec.snapshot.json": [
      {
        "type": "Hex High Entropy String",
        "filename": "docs/work/2026-09-18-codex-external-profile-orchestration/current-spec.snapshot.json",
        "hashed_secret": "a2c917c9618d0d69f1eb38dd4218140005223402",
        "is_verified": false,
        "line_number": 4
      }
    ],
    "docs/work/2026-09-18-codex-external-profile-orchestration/evidence.bundle.json": [
      {
        "type": "Hex High Entropy String",
        "filename": "docs/work/2026-09-18-codex-external-profile-orchestration/evidence.bundle.json",
        "hashed_secret": "4dd51f47e48c9728ceca6d512ebad334389653df",
        "is_verified": false,
        "line_number": 6
      },
      {
        "type": "Hex High Entropy String",
        "filename": "docs/work/2026-09-18-codex-external-profile-orchestration/evidence.bundle.json",
        "hashed_secret": "be3ab98386e88f170d749d6109a4a93dadf063d1",
        "is_verified": false,
        "line_number": 7
      },
      {
        "type": "Hex High Entropy String",
        "filename": "docs/work/2026-09-18-codex-external-profile-orchestration/evidence.bundle.json",
        "hashed_secret": "90b4ce518506d554a38fdf81e9049652e89e43e6",
        "is_verified": false,
        "line_number": 35
      },
      {
        "type": "Hex High Entropy String",
        "filename": "docs/work/2026-09-18-codex-external-profile-orchestration/evidence.bundle.json",
        "hashed_secret": "486cc40d9cf9524de3061b9f665af0fff3746c07",
        "is_verified": false,
        "line_number": 43
      },
      {
        "type": "Hex High Entropy String",
        "filename": "docs/work/2026-09-18-codex-external-profile-orchestration/evidence.bundle.json",
        "hashed_secret": "4dde6a12e21b4b15ef2fba48af5a1bca06d80aaf",
        "is_verified": false,
        "line_number": 44
      },
      {
        "type": "Hex High Entropy String",
        "filename": "docs/work/2026-09-18-codex-external-profile-orchestration/evidence.bundle.json",
        "hashed_secret": "392f4a7cc991515fe6ede919132fc12c107c25e4",
        "is_verified": false,
        "line_number": 45
      }
    ],
    "docs/work/2026-09-18-codex-hook-capability-repair/current-spec.snapshot.json": [
      {
        "type": "Hex High Entropy String",
        "filename": "docs/work/2026-09-18-codex-hook-capability-repair/current-spec.snapshot.json",
        "hashed_secret": "22e4f62c4109c6bcc346ab458b542267f8e6489e",
        "is_verified": false,
        "line_number": 4
      }
    ],
    "docs/work/2026-09-18-codex-hook-capability-repair/evidence.bundle.json": [
      {
        "type": "Hex High Entropy String",
        "filename": "docs/work/2026-09-18-codex-hook-capability-repair/evidence.bundle.json",
        "hashed_secret": "73da460541c7e009e3fb7fbdbad285c6d1c201d6",
        "is_verified": false,
        "line_number": 6
      },
      {
        "type": "Hex High Entropy String",
        "filename": "docs/work/2026-09-18-codex-hook-capability-repair/evidence.bundle.json",
        "hashed_secret": "eecfa556387b4a758fe60794729bb9fa88c17a29",
        "is_verified": false,
        "line_number": 7
      },
      {
        "type": "Hex High Entropy String",
        "filename": "docs/work/2026-09-18-codex-hook-capability-repair/evidence.bundle.json",
        "hashed_secret": "0a7c7d9a959cecf34b422dde964307f62406b198",
        "is_verified": false,
        "line_number": 33
      },
      {
        "type": "Hex High Entropy String",
        "filename": "docs/work/2026-09-18-codex-hook-capability-repair/evidence.bundle.json",
        "hashed_secret": "0b483c17eaa68af20df9c3ee91a8ae1f49034a61",
        "is_verified": false,
        "line_number": 33
      },
      {
        "type": "Hex High Entropy String",
        "filename": "docs/work/2026-09-18-codex-hook-capability-repair/evidence.bundle.json",
        "hashed_secret": "a7d0d5a0976d7cb19644ec43bc9c183ba2f94ab9",
        "is_verified": false,
        "line_number": 33
      }
    ],
    "docs/work/2026-09-18-coordination-legacy-removal/current-spec.snapshot.json": [
      {
        "type": "Hex High Entropy String",
        "filename": "docs/work/2026-09-18-coordination-legacy-removal/current-spec.snapshot.json",
        "hashed_secret": "7e431b4141e44f9daf1365f80d08d13de20dfe75",
        "is_verified": false,
        "line_number": 4
      }
    ],
    "docs/work/2026-09-18-coordination-legacy-removal/evidence.bundle.json": [
      {
        "type": "Hex High Entropy String",
        "filename": "docs/work/2026-09-18-coordination-legacy-removal/evidence.bundle.json",
        "hashed_secret": "73fe1969aef2b647bacdb6824e23256533cadde3",
        "is_verified": false,
        "line_number": 9
      },
      {
        "type": "Hex High Entropy String",
        "filename": "docs/work/2026-09-18-coordination-legacy-removal/evidence.bundle.json",
        "hashed_secret": "5279f86d2652110ea4e2fc29e93a349122c97506",
        "is_verified": false,
        "line_number": 14
      },
      {
        "type": "Hex High Entropy String",
        "filename": "docs/work/2026-09-18-coordination-legacy-removal/evidence.bundle.json",
        "hashed_secret": "f9295e6ac39dc38bd342f69c52382a65cc1deb1c",
        "is_verified": false,
        "line_number": 28
      },
      {
        "type": "Hex High Entropy String",
        "filename": "docs/work/2026-09-18-coordination-legacy-removal/evidence.bundle.json",
        "hashed_secret": "916349d676e1fd3a86b0344408adf0630e950766",
        "is_verified": false,
        "line_number": 47
      },
      {
        "type": "Hex High Entropy String",
        "filename": "docs/work/2026-09-18-coordination-legacy-removal/evidence.bundle.json",
        "hashed_secret": "665974922848cf6b7d5059211be7ecbc2814c9d8",
        "is_verified": false,
        "line_number": 56
      },
      {
        "type": "Hex High Entropy String",
        "filename": "docs/work/2026-09-18-coordination-legacy-removal/evidence.bundle.json",
        "hashed_secret": "c3730301c93def40f1acd43029f1f25482f50259",
        "is_verified": false,
        "line_number": 62
      },
      {
        "type": "Hex High Entropy String",
        "filename": "docs/work/2026-09-18-coordination-legacy-removal/evidence.bundle.json",
        "hashed_secret": "7be7229b7a1d2a9ce1554ab5cbc7182a059aff0c",
        "is_verified": false,
        "line_number": 67
      },
      {
        "type": "Hex High Entropy String",
        "filename": "docs/work/2026-09-18-coordination-legacy-removal/evidence.bundle.json",
        "hashed_secret": "d9bef66816eabf2fb718b3c4d33112d79a3449c9",
        "is_verified": false,
        "line_number": 186
      },
      {
        "type": "Hex High Entropy String",
        "filename": "docs/work/2026-09-18-coordination-legacy-removal/evidence.bundle.json",
        "hashed_secret": "7bc6f19dca249ea19340931d32afa2b7da8ff892",
        "is_verified": false,
        "line_number": 191
      },
      {
        "type": "Hex High Entropy String",
        "filename": "docs/work/2026-09-18-coordination-legacy-removal/evidence.bundle.json",
        "hashed_secret": "dd35e4d3390c20ee056e87474bce62b8534535b9",
        "is_verified": false,
        "line_number": 196
      }
    ],
    "docs/work/2026-09-18-coordination-legacy-removal/work.spec.json": [
      {
        "type": "Hex High Entropy String",
        "filename": "docs/work/2026-09-18-coordination-legacy-removal/work.spec.json",
        "hashed_secret": "d9bef66816eabf2fb718b3c4d33112d79a3449c9",
        "is_verified": false,
        "line_number": 21
      }
    ],
    "docs/work/2026-09-18-purpose-session-hook-node/current-spec.snapshot.json": [
      {
        "type": "Hex High Entropy String",
        "filename": "docs/work/2026-09-18-purpose-session-hook-node/current-spec.snapshot.json",
        "hashed_secret": "e801280757a5f46236a3aba78fa8766993cf72be",
        "is_verified": false,
        "line_number": 6
      }
    ],
    "docs/work/2026-09-18-purpose-session-hook-node/evidence.bundle.json": [
      {
        "type": "Hex High Entropy String",
        "filename": "docs/work/2026-09-18-purpose-session-hook-node/evidence.bundle.json",
        "hashed_secret": "d1d756ee0c94f898818ee23261ecc35e05764ec1",
        "is_verified": false,
        "line_number": 9
      },
      {
        "type": "Hex High Entropy String",
        "filename": "docs/work/2026-09-18-purpose-session-hook-node/evidence.bundle.json",
        "hashed_secret": "6892482bea0d8cb1ad24f586ef9548f2be7b596d",
        "is_verified": false,
        "line_number": 14
      },
      {
        "type": "Hex High Entropy String",
        "filename": "docs/work/2026-09-18-purpose-session-hook-node/evidence.bundle.json",
        "hashed_secret": "09baeb671a4a20639e5f582fafecd4d18ede5b4e",
        "is_verified": false,
        "line_number": 22
      },
      {
        "type": "Hex High Entropy String",
        "filename": "docs/work/2026-09-18-purpose-session-hook-node/evidence.bundle.json",
        "hashed_secret": "2726497638fcf1ed4b73e4b6c2295f99614b3961",
        "is_verified": false,
        "line_number": 28
      },
      {
        "type": "Hex High Entropy String",
        "filename": "docs/work/2026-09-18-purpose-session-hook-node/evidence.bundle.json",
        "hashed_secret": "9391ca6606488f0ca465d2f2137fc69dd1926000",
        "is_verified": false,
        "line_number": 33
      },
      {
        "type": "Hex High Entropy String",
        "filename": "docs/work/2026-09-18-purpose-session-hook-node/evidence.bundle.json",
        "hashed_secret": "0552b46bb7b0665261e9b78df4516514c00d674a",
        "is_verified": false,
        "line_number": 38
      },
      {
        "type": "Hex High Entropy String",
        "filename": "docs/work/2026-09-18-purpose-session-hook-node/evidence.bundle.json",
        "hashed_secret": "ac85f7edc64813d6d471df1d02e9acd611be4147",
        "is_verified": false,
        "line_number": 48
      },
      {
        "type": "Hex High Entropy String",
        "filename": "docs/work/2026-09-18-purpose-session-hook-node/evidence.bundle.json",
        "hashed_secret": "e3218067973b3c895be5d9be038da48d06287345",
        "is_verified": false,
        "line_number": 53
      },
      {
        "type": "Hex High Entropy String",
        "filename": "docs/work/2026-09-18-purpose-session-hook-node/evidence.bundle.json",
        "hashed_secret": "82507d4b2374f33ca5a0ea28cdf660ef08111b30",
        "is_verified": false,
        "line_number": 127
      },
      {
        "type": "Hex High Entropy String",
        "filename": "docs/work/2026-09-18-purpose-session-hook-node/evidence.bundle.json",
        "hashed_secret": "f0d81dda13d5af57fea7089c5075e1fe758a1623",
        "is_verified": false,
        "line_number": 128
      },
      {
        "type": "Hex High Entropy String",
        "filename": "docs/work/2026-09-18-purpose-session-hook-node/evidence.bundle.json",
        "hashed_secret": "bd47ed898438a170a4955dd725bff4ef49ebcf59",
        "is_verified": false,
        "line_number": 129
      }
    ],
    "docs/work/2026-09-19-codex-agent-mailbox-session/work.spec.json": [
      {
        "type": "Hex High Entropy String",
        "filename": "docs/work/2026-09-19-codex-agent-mailbox-session/work.spec.json",
        "hashed_secret": "1e72fac84ad1c0898973c2723716598324bc9eca",
        "is_verified": false,
        "line_number": 14
      }
    ],
    "docs/work/2026-09-19-codex-external-harness-purpose-overlay/current-spec.snapshot.json": [
      {
        "type": "Hex High Entropy String",
        "filename": "docs/work/2026-09-19-codex-external-harness-purpose-overlay/current-spec.snapshot.json",
        "hashed_secret": "562412e244dda1fc9deeccf30ae0493c5877c9cd",
        "is_verified": false,
        "line_number": 6
      }
    ],
    "docs/work/2026-09-19-codex-external-harness-purpose-overlay/evidence.bundle.json": [
      {
        "type": "Hex High Entropy String",
        "filename": "docs/work/2026-09-19-codex-external-harness-purpose-overlay/evidence.bundle.json",
        "hashed_secret": "eb1e8c800a76f843239572785c3e2a75bbda0610",
        "is_verified": false,
        "line_number": 6
      },
      {
        "type": "Hex High Entropy String",
        "filename": "docs/work/2026-09-19-codex-external-harness-purpose-overlay/evidence.bundle.json",
        "hashed_secret": "9453e90e314aa89fdc277f7a1cb59ec526f2ad86",
        "is_verified": false,
        "line_number": 7
      },
      {
        "type": "Hex High Entropy String",
        "filename": "docs/work/2026-09-19-codex-external-harness-purpose-overlay/evidence.bundle.json",
        "hashed_secret": "1e8435cf92907ff11ac8230f4a23adefa937deae",
        "is_verified": false,
        "line_number": 25
      },
      {
        "type": "Hex High Entropy String",
        "filename": "docs/work/2026-09-19-codex-external-harness-purpose-overlay/evidence.bundle.json",
        "hashed_secret": "869ef45665943ccd2c78882b41d425a0a0a5ee4a",
        "is_verified": false,
        "line_number": 25
      },
      {
        "type": "Hex High Entropy String",
        "filename": "docs/work/2026-09-19-codex-external-harness-purpose-overlay/evidence.bundle.json",
        "hashed_secret": "d6fb4409e6e3fce81dcdb701196d23fdd632f129",
        "is_verified": false,
        "line_number": 25
      }
    ],
    "docs/work/2026-09-19-codex-external-harness-purpose-overlay/work.spec.json": [
      {
        "type": "Hex High Entropy String",
        "filename": "docs/work/2026-09-19-codex-external-harness-purpose-overlay/work.spec.json",
        "hashed_secret": "869ef45665943ccd2c78882b41d425a0a0a5ee4a",
        "is_verified": false,
        "line_number": 10
      }
    ],
    "docs/work/2026-09-30-codex-native-daemon/evidence.bundle.json": [
      {
        "type": "Hex High Entropy String",
        "filename": "docs/work/2026-09-30-codex-native-daemon/evidence.bundle.json",
        "hashed_secret": "5f930ad5b47c69095602081cf0756ae1ec6a1e70",
        "is_verified": false,
        "line_number": 9
      },
      {
        "type": "Hex High Entropy String",
        "filename": "docs/work/2026-09-30-codex-native-daemon/evidence.bundle.json",
        "hashed_secret": "e5096c81b4b7c66a14addaf6bf4bf4531e96d206",
        "is_verified": false,
        "line_number": 14
      },
      {
        "type": "Hex High Entropy String",
        "filename": "docs/work/2026-09-30-codex-native-daemon/evidence.bundle.json",
        "hashed_secret": "29d3824cfd3b5f25f878c62bf68ce66c717c6a53",
        "is_verified": false,
        "line_number": 28
      },
      {
        "type": "Hex High Entropy String",
        "filename": "docs/work/2026-09-30-codex-native-daemon/evidence.bundle.json",
        "hashed_secret": "9b911e1078c5a65eb0d869df9f5a62fe5314e7c2",
        "is_verified": false,
        "line_number": 47
      },
      {
        "type": "Hex High Entropy String",
        "filename": "docs/work/2026-09-30-codex-native-daemon/evidence.bundle.json",
        "hashed_secret": "184b42d94b43f691e5394ec43fac078cf1a6ef84",
        "is_verified": false,
        "line_number": 56
      },
      {
        "type": "Hex High Entropy String",
        "filename": "docs/work/2026-09-30-codex-native-daemon/evidence.bundle.json",
        "hashed_secret": "5db6e3bfa1a49e38716b3d398f018cb60f3abe8e",
        "is_verified": false,
        "line_number": 141
      },
      {
        "type": "Hex High Entropy String",
        "filename": "docs/work/2026-09-30-codex-native-daemon/evidence.bundle.json",
        "hashed_secret": "f019b60e4fde7e72e4290dd716b64ce95fc95692",
        "is_verified": false,
        "line_number": 146
      },
      {
        "type": "Hex High Entropy String",
        "filename": "docs/work/2026-09-30-codex-native-daemon/evidence.bundle.json",
        "hashed_secret": "2dad39ccd6c519d63fd4eda11c70fa4b02d420bb",
        "is_verified": false,
        "line_number": 151
      }
    ],
    "docs/work/2026-09-30-codex-native-daemon/evidence/digests.json": [
      {
        "type": "Hex High Entropy String",
        "filename": "docs/work/2026-09-30-codex-native-daemon/evidence/digests.json",
        "hashed_secret": "15e02d6e501e3a61bb930fceaecb580c11c0fb30",
        "is_verified": false,
        "line_number": 1
      },
      {
        "type": "Hex High Entropy String",
        "filename": "docs/work/2026-09-30-codex-native-daemon/evidence/digests.json",
        "hashed_secret": "441b9e9278d8447698d84521b33d6f5bbd33d8b2",
        "is_verified": false,
        "line_number": 1
      },
      {
        "type": "Hex High Entropy String",
        "filename": "docs/work/2026-09-30-codex-native-daemon/evidence/digests.json",
        "hashed_secret": "a2ee4bbcb2ab1c69a4fc6db2a75083f9774fd668",
        "is_verified": false,
        "line_number": 1
      },
      {
        "type": "Hex High Entropy String",
        "filename": "docs/work/2026-09-30-codex-native-daemon/evidence/digests.json",
        "hashed_secret": "d6d6a57743a3c5700be70a50d573adc3e472008f",
        "is_verified": false,
        "line_number": 1
      }
    ],
    "docs/work/2026-09-30-codex-native-daemon/work.spec.json": [
      {
        "type": "Hex High Entropy String",
        "filename": "docs/work/2026-09-30-codex-native-daemon/work.spec.json",
        "hashed_secret": "5db6e3bfa1a49e38716b3d398f018cb60f3abe8e",
        "is_verified": false,
        "line_number": 23
      }
    ],
    "secrets/api-keys.yaml": [
      {
        "type": "Secret Keyword",
        "filename": "secrets/api-keys.yaml",
        "hashed_secret": "b403dfb8d87f31af6de4922831f3e573b8b49cf0",
        "is_verified": false,
        "line_number": 2
      },
      {
        "type": "Secret Keyword",
        "filename": "secrets/api-keys.yaml",
        "hashed_secret": "76782d55a7e4e4132d2c115733d0785446ee7162",
        "is_verified": false,
        "line_number": 15
      },
      {
        "type": "Secret Keyword",
        "filename": "secrets/api-keys.yaml",
        "hashed_secret": "863c27cdad8eb71149ea01ace4d7d62af11b823a",
        "is_verified": false,
        "line_number": 19
      },
      {
        "type": "Secret Keyword",
        "filename": "secrets/api-keys.yaml",
        "hashed_secret": "67732c3ad17eb58dffed9b25ee6d44a74446042b",
        "is_verified": false,
        "line_number": 21
      },
      {
        "type": "Secret Keyword",
        "filename": "secrets/api-keys.yaml",
        "hashed_secret": "4f215051323ecf8d5fbc431032edaed549cd308d",
        "is_verified": false,
        "line_number": 23
      },
      {
        "type": "Secret Keyword",
        "filename": "secrets/api-keys.yaml",
        "hashed_secret": "08f1daa1f925f84be372e37e3626ee13456ad24e",
        "is_verified": false,
        "line_number": 26
      },
      {
        "type": "Secret Keyword",
        "filename": "secrets/api-keys.yaml",
        "hashed_secret": "cad8da1345826cb32c403dfe772e3c79e35b9f2a",
        "is_verified": false,
        "line_number": 28
      },
      {
        "type": "Secret Keyword",
        "filename": "secrets/api-keys.yaml",
        "hashed_secret": "8afd48c203f9b1bc327831979153f23312d42a20",
        "is_verified": false,
        "line_number": 30
      },
      {
        "type": "Secret Keyword",
        "filename": "secrets/api-keys.yaml",
        "hashed_secret": "70e64f7c417368e48af1f891cd9b76fc8071ca7d",
        "is_verified": false,
        "line_number": 32
      },
      {
        "type": "Secret Keyword",
        "filename": "secrets/api-keys.yaml",
        "hashed_secret": "137f0f770dd6f69eda20892023476fb61e4961dd",
        "is_verified": false,
        "line_number": 35
      },
      {
        "type": "Secret Keyword",
        "filename": "secrets/api-keys.yaml",
        "hashed_secret": "cdcc2ba94b28c63c3bd905420fe0c654a16f773f",
        "is_verified": false,
        "line_number": 36
      },
      {
        "type": "Secret Keyword",
        "filename": "secrets/api-keys.yaml",
        "hashed_secret": "c9b8590bf7413836707c5e432cff6c4f18dbdea6",
        "is_verified": false,
        "line_number": 37
      },
      {
        "type": "Secret Keyword",
        "filename": "secrets/api-keys.yaml",
        "hashed_secret": "38e3bb05d15fd4088ce7b17b3833900d6ba1555f",
        "is_verified": false,
        "line_number": 38
      },
      {
        "type": "Secret Keyword",
        "filename": "secrets/api-keys.yaml",
        "hashed_secret": "840a187f995366160509591a6ce5002397490e96",
        "is_verified": false,
        "line_number": 39
      },
      {
        "type": "Secret Keyword",
        "filename": "secrets/api-keys.yaml",
        "hashed_secret": "7d16969d06961b35302eedd2309e7341ce8e71d7",
        "is_verified": false,
        "line_number": 40
      },
      {
        "type": "Secret Keyword",
        "filename": "secrets/api-keys.yaml",
        "hashed_secret": "540d5a8a86c855d59e1b81d9eeec466c171c1596",
        "is_verified": false,
        "line_number": 41
      },
      {
        "type": "Secret Keyword",
        "filename": "secrets/api-keys.yaml",
        "hashed_secret": "3610b76a964c7a1c9bd45bb669d55113e26efa60",
        "is_verified": false,
        "line_number": 42
      },
      {
        "type": "Secret Keyword",
        "filename": "secrets/api-keys.yaml",
        "hashed_secret": "bc7bf468facd4b344bed5b7a232d72440b80c424",
        "is_verified": false,
        "line_number": 44
      },
      {
        "type": "Secret Keyword",
        "filename": "secrets/api-keys.yaml",
        "hashed_secret": "e0ef70f838318dd746bd6b23dc9672cf2c46867f",
        "is_verified": false,
        "line_number": 45
      },
      {
        "type": "Secret Keyword",
        "filename": "secrets/api-keys.yaml",
        "hashed_secret": "a3404a5d7aa27baa4c54f295871c61e8c7d61606",
        "is_verified": false,
        "line_number": 54
      },
      {
        "type": "Secret Keyword",
        "filename": "secrets/api-keys.yaml",
        "hashed_secret": "723ae8b3465848b41377a70af823282f37626a03",
        "is_verified": false,
        "line_number": 59
      },
      {
        "type": "Secret Keyword",
        "filename": "secrets/api-keys.yaml",
        "hashed_secret": "93eca8ddd63e5d9866b05773f4484bd8ac43cc69",
        "is_verified": false,
        "line_number": 64
      },
      {
        "type": "Secret Keyword",
        "filename": "secrets/api-keys.yaml",
        "hashed_secret": "3920512fbd31a7be52037601f1a4b22a7ce33b07",
        "is_verified": false,
        "line_number": 68
      },
      {
        "type": "Secret Keyword",
        "filename": "secrets/api-keys.yaml",
        "hashed_secret": "c18c0f7a3faa7f6f1b39048de4636d4944cf2ee8",
        "is_verified": false,
        "line_number": 72
      },
      {
        "type": "Secret Keyword",
        "filename": "secrets/api-keys.yaml",
        "hashed_secret": "e6cc44663fcc873ef6fa82d05a15789de1dd1f56",
        "is_verified": false,
        "line_number": 77
      },
      {
        "type": "Secret Keyword",
        "filename": "secrets/api-keys.yaml",
        "hashed_secret": "ac88ca7878b4997ed8c5314254d007d49bd5a625",
        "is_verified": false,
        "line_number": 82
      },
      {
        "type": "Secret Keyword",
        "filename": "secrets/api-keys.yaml",
        "hashed_secret": "09197d78fa34764f7ebe9c3ae77cc5724035b167",
        "is_verified": false,
        "line_number": 84
      },
      {
        "type": "Secret Keyword",
        "filename": "secrets/api-keys.yaml",
        "hashed_secret": "303f35b18bde2d5499950415d68b6158dd4e7b10",
        "is_verified": false,
        "line_number": 86
      },
      {
        "type": "Secret Keyword",
        "filename": "secrets/api-keys.yaml",
        "hashed_secret": "7b228cb98966d7d4f590cea6baf4616ed9b7ea20",
        "is_verified": false,
        "line_number": 88
      },
      {
        "type": "Secret Keyword",
        "filename": "secrets/api-keys.yaml",
        "hashed_secret": "80f46eb202b945681b801956a0f5d855643ce588",
        "is_verified": false,
        "line_number": 90
      },
      {
        "type": "Secret Keyword",
        "filename": "secrets/api-keys.yaml",
        "hashed_secret": "8b6099d0746050d017cd1de8c217c60402501048",
        "is_verified": false,
        "line_number": 91
      },
      {
        "type": "Secret Keyword",
        "filename": "secrets/api-keys.yaml",
        "hashed_secret": "aca46f58ce42234aa0ccfe3de37f24b24abb7938",
        "is_verified": false,
        "line_number": 93
      },
      {
        "type": "Secret Keyword",
        "filename": "secrets/api-keys.yaml",
        "hashed_secret": "5ad44f925240eddee04a13d3e9ad3ce01ac550c8",
        "is_verified": false,
        "line_number": 94
      },
      {
        "type": "Secret Keyword",
        "filename": "secrets/api-keys.yaml",
        "hashed_secret": "96da08c911d8824e6ad1a6c9ab622831086a915e",
        "is_verified": false,
        "line_number": 97
      },
      {
        "type": "Secret Keyword",
        "filename": "secrets/api-keys.yaml",
        "hashed_secret": "792976f1fabe4f2b46e20d71197bdc397246b2eb",
        "is_verified": false,
        "line_number": 102
      },
      {
        "type": "Secret Keyword",
        "filename": "secrets/api-keys.yaml",
        "hashed_secret": "246067825a75c71fb2e07e2eaecd4785528be3a2",
        "is_verified": false,
        "line_number": 104
      },
      {
        "type": "Secret Keyword",
        "filename": "secrets/api-keys.yaml",
        "hashed_secret": "6e843f2ed3bdc8aa3af4ed8f41613e3144e85fdd",
        "is_verified": false,
        "line_number": 107
      },
      {
        "type": "Secret Keyword",
        "filename": "secrets/api-keys.yaml",
        "hashed_secret": "3231c12d153445ae585d63c621cd6354b04d8cdf",
        "is_verified": false,
        "line_number": 109
      },
      {
        "type": "Secret Keyword",
        "filename": "secrets/api-keys.yaml",
        "hashed_secret": "e2ba95075b49f8652a7db773d07f75dea7884fdc",
        "is_verified": false,
        "line_number": 111
      },
      {
        "type": "Secret Keyword",
        "filename": "secrets/api-keys.yaml",
        "hashed_secret": "05582b674f7db220cf775824415bcaf81445c626",
        "is_verified": false,
        "line_number": 114
      },
      {
        "type": "Secret Keyword",
        "filename": "secrets/api-keys.yaml",
        "hashed_secret": "7d2bf38386d778c54687f62fec768e13ad7dbd37",
        "is_verified": false,
        "line_number": 116
      },
      {
        "type": "Secret Keyword",
        "filename": "secrets/api-keys.yaml",
        "hashed_secret": "2274d76db184f659e7df2fa70dd73dacf84a760b",
        "is_verified": false,
        "line_number": 118
      },
      {
        "type": "Base64 High Entropy String",
        "filename": "secrets/api-keys.yaml",
        "hashed_secret": "e73f91ced89b632f0e3209a3d9ac2c314f2cd224",
        "is_verified": false,
        "line_number": 135
      },
      {
        "type": "Base64 High Entropy String",
        "filename": "secrets/api-keys.yaml",
        "hashed_secret": "4df785976d0815b74e472ad3fcfaabb67eda29da",
        "is_verified": false,
        "line_number": 144
      },
      {
        "type": "Base64 High Entropy String",
        "filename": "secrets/api-keys.yaml",
        "hashed_secret": "87df63f4557888710f884f0f167607e9abed823a",
        "is_verified": false,
        "line_number": 153
      },
      {
        "type": "Base64 High Entropy String",
        "filename": "secrets/api-keys.yaml",
        "hashed_secret": "fce62aa70a6c5f1d4d7807c70599b0c417763a28",
        "is_verified": false,
        "line_number": 162
      }
    ],
    "secrets/github-ssh.yaml": [
      {
        "type": "Secret Keyword",
        "filename": "secrets/github-ssh.yaml",
        "hashed_secret": "341e229b649f7b54dabf6f2af3bcc8ede77a995b",
        "is_verified": false,
        "line_number": 1
      },
      {
        "type": "Base64 High Entropy String",
        "filename": "secrets/github-ssh.yaml",
        "hashed_secret": "e73f91ced89b632f0e3209a3d9ac2c314f2cd224",
        "is_verified": false,
        "line_number": 4
      },
      {
        "type": "Base64 High Entropy String",
        "filename": "secrets/github-ssh.yaml",
        "hashed_secret": "4df785976d0815b74e472ad3fcfaabb67eda29da",
        "is_verified": false,
        "line_number": 13
      },
      {
        "type": "Base64 High Entropy String",
        "filename": "secrets/github-ssh.yaml",
        "hashed_secret": "87df63f4557888710f884f0f167607e9abed823a",
        "is_verified": false,
        "line_number": 22
      },
      {
        "type": "Base64 High Entropy String",
        "filename": "secrets/github-ssh.yaml",
        "hashed_secret": "fce62aa70a6c5f1d4d7807c70599b0c417763a28",
        "is_verified": false,
        "line_number": 31
      }
    ],
    "secrets/hetzner-ssh.yaml": [
      {
        "type": "Secret Keyword",
        "filename": "secrets/hetzner-ssh.yaml",
        "hashed_secret": "d108f7d0accbf815f42a7472bb41cc87de851f33",
        "is_verified": false,
        "line_number": 3
      },
      {
        "type": "Base64 High Entropy String",
        "filename": "secrets/hetzner-ssh.yaml",
        "hashed_secret": "e73f91ced89b632f0e3209a3d9ac2c314f2cd224",
        "is_verified": false,
        "line_number": 7
      },
      {
        "type": "Base64 High Entropy String",
        "filename": "secrets/hetzner-ssh.yaml",
        "hashed_secret": "4df785976d0815b74e472ad3fcfaabb67eda29da",
        "is_verified": false,
        "line_number": 16
      },
      {
        "type": "Base64 High Entropy String",
        "filename": "secrets/hetzner-ssh.yaml",
        "hashed_secret": "87df63f4557888710f884f0f167607e9abed823a",
        "is_verified": false,
        "line_number": 25
      },
      {
        "type": "Base64 High Entropy String",
        "filename": "secrets/hetzner-ssh.yaml",
        "hashed_secret": "fce62aa70a6c5f1d4d7807c70599b0c417763a28",
        "is_verified": false,
        "line_number": 34
      }
    ],
    "secrets/mail-hugo-ssh.yaml": [
      {
        "type": "Secret Keyword",
        "filename": "secrets/mail-hugo-ssh.yaml",
        "hashed_secret": "78deedd22f49f1ef703ff1f9422202c86d62d33b",
        "is_verified": false,
        "line_number": 1
      },
      {
        "type": "Base64 High Entropy String",
        "filename": "secrets/mail-hugo-ssh.yaml",
        "hashed_secret": "e73f91ced89b632f0e3209a3d9ac2c314f2cd224",
        "is_verified": false,
        "line_number": 5
      },
      {
        "type": "Base64 High Entropy String",
        "filename": "secrets/mail-hugo-ssh.yaml",
        "hashed_secret": "4df785976d0815b74e472ad3fcfaabb67eda29da",
        "is_verified": false,
        "line_number": 14
      },
      {
        "type": "Base64 High Entropy String",
        "filename": "secrets/mail-hugo-ssh.yaml",
        "hashed_secret": "87df63f4557888710f884f0f167607e9abed823a",
        "is_verified": false,
        "line_number": 23
      },
      {
        "type": "Base64 High Entropy String",
        "filename": "secrets/mail-hugo-ssh.yaml",
        "hashed_secret": "fce62aa70a6c5f1d4d7807c70599b0c417763a28",
        "is_verified": false,
        "line_number": 32
      }
    ],
    "secrets/mail.hugo.dk.yaml": [
      {
        "type": "Secret Keyword",
        "filename": "secrets/mail.hugo.dk.yaml",
        "hashed_secret": "ad002bf601e79388fb670ba9246829f3d8648f3b",
        "is_verified": false,
        "line_number": 31
      },
      {
        "type": "Secret Keyword",
        "filename": "secrets/mail.hugo.dk.yaml",
        "hashed_secret": "7f55c973a5020fc871af521e6fade76c1b95c6d0",
        "is_verified": false,
        "line_number": 32
      },
      {
        "type": "Base64 High Entropy String",
        "filename": "secrets/mail.hugo.dk.yaml",
        "hashed_secret": "e73f91ced89b632f0e3209a3d9ac2c314f2cd224",
        "is_verified": false,
        "line_number": 37
      },
      {
        "type": "Base64 High Entropy String",
        "filename": "secrets/mail.hugo.dk.yaml",
        "hashed_secret": "4df785976d0815b74e472ad3fcfaabb67eda29da",
        "is_verified": false,
        "line_number": 46
      },
      {
        "type": "Base64 High Entropy String",
        "filename": "secrets/mail.hugo.dk.yaml",
        "hashed_secret": "87df63f4557888710f884f0f167607e9abed823a",
        "is_verified": false,
        "line_number": 55
      },
      {
        "type": "Base64 High Entropy String",
        "filename": "secrets/mail.hugo.dk.yaml",
        "hashed_secret": "fce62aa70a6c5f1d4d7807c70599b0c417763a28",
        "is_verified": false,
        "line_number": 64
      }
    ],
    "secrets/nix-laptop-ssh.yaml": [
      {
        "type": "Base64 High Entropy String",
        "filename": "secrets/nix-laptop-ssh.yaml",
        "hashed_secret": "e73f91ced89b632f0e3209a3d9ac2c314f2cd224",
        "is_verified": false,
        "line_number": 12
      },
      {
        "type": "Base64 High Entropy String",
        "filename": "secrets/nix-laptop-ssh.yaml",
        "hashed_secret": "4df785976d0815b74e472ad3fcfaabb67eda29da",
        "is_verified": false,
        "line_number": 21
      },
      {
        "type": "Base64 High Entropy String",
        "filename": "secrets/nix-laptop-ssh.yaml",
        "hashed_secret": "87df63f4557888710f884f0f167607e9abed823a",
        "is_verified": false,
        "line_number": 30
      },
      {
        "type": "Base64 High Entropy String",
        "filename": "secrets/nix-laptop-ssh.yaml",
        "hashed_secret": "fce62aa70a6c5f1d4d7807c70599b0c417763a28",
        "is_verified": false,
        "line_number": 39
      }
    ],
    "secrets/personal-servers-ssh.yaml": [
      {
        "type": "Secret Keyword",
        "filename": "secrets/personal-servers-ssh.yaml",
        "hashed_secret": "5235f67e1e4a21e3ce00a48e81e756bf16230555",
        "is_verified": false,
        "line_number": 3
      },
      {
        "type": "Base64 High Entropy String",
        "filename": "secrets/personal-servers-ssh.yaml",
        "hashed_secret": "e73f91ced89b632f0e3209a3d9ac2c314f2cd224",
        "is_verified": false,
        "line_number": 7
      },
      {
        "type": "Base64 High Entropy String",
        "filename": "secrets/personal-servers-ssh.yaml",
        "hashed_secret": "4df785976d0815b74e472ad3fcfaabb67eda29da",
        "is_verified": false,
        "line_number": 16
      },
      {
        "type": "Base64 High Entropy String",
        "filename": "secrets/personal-servers-ssh.yaml",
        "hashed_secret": "87df63f4557888710f884f0f167607e9abed823a",
        "is_verified": false,
        "line_number": 25
      },
      {
        "type": "Base64 High Entropy String",
        "filename": "secrets/personal-servers-ssh.yaml",
        "hashed_secret": "fce62aa70a6c5f1d4d7807c70599b0c417763a28",
        "is_verified": false,
        "line_number": 34
      }
    ],
    "secrets/ssh-keys-all.yaml": [
      {
        "type": "Base64 High Entropy String",
        "filename": "secrets/ssh-keys-all.yaml",
        "hashed_secret": "e73f91ced89b632f0e3209a3d9ac2c314f2cd224",
        "is_verified": false,
        "line_number": 9
      },
      {
        "type": "Base64 High Entropy String",
        "filename": "secrets/ssh-keys-all.yaml",
        "hashed_secret": "4df785976d0815b74e472ad3fcfaabb67eda29da",
        "is_verified": false,
        "line_number": 18
      },
      {
        "type": "Base64 High Entropy String",
        "filename": "secrets/ssh-keys-all.yaml",
        "hashed_secret": "87df63f4557888710f884f0f167607e9abed823a",
        "is_verified": false,
        "line_number": 27
      },
      {
        "type": "Base64 High Entropy String",
        "filename": "secrets/ssh-keys-all.yaml",
        "hashed_secret": "fce62aa70a6c5f1d4d7807c70599b0c417763a28",
        "is_verified": false,
        "line_number": 36
      }
    ],
    "secrets/wsl2-workstation-ssh.yaml": [
      {
        "type": "Base64 High Entropy String",
        "filename": "secrets/wsl2-workstation-ssh.yaml",
        "hashed_secret": "e73f91ced89b632f0e3209a3d9ac2c314f2cd224",
        "is_verified": false,
        "line_number": 13
      },
      {
        "type": "Base64 High Entropy String",
        "filename": "secrets/wsl2-workstation-ssh.yaml",
        "hashed_secret": "4df785976d0815b74e472ad3fcfaabb67eda29da",
        "is_verified": false,
        "line_number": 22
      },
      {
        "type": "Base64 High Entropy String",
        "filename": "secrets/wsl2-workstation-ssh.yaml",
        "hashed_secret": "87df63f4557888710f884f0f167607e9abed823a",
        "is_verified": false,
        "line_number": 31
      },
      {
        "type": "Base64 High Entropy String",
        "filename": "secrets/wsl2-workstation-ssh.yaml",
        "hashed_secret": "fce62aa70a6c5f1d4d7807c70599b0c417763a28",
        "is_verified": false,
        "line_number": 40
      }
    ]
  },
  "generated_at": "2026-10-04T20:04:31Z"
}
